Archive member included to satisfy reference by file (symbol)

c:/program files/microchip/xc8/v2.32/avr/bin/../lib/gcc/avr/5.4.0/../../../../avr/lib/avr5/memx-const\libm.a(addsf3.o)
                              build/default/production/drivers/mUART.o (__subsf3)
c:/program files/microchip/xc8/v2.32/avr/bin/../lib/gcc/avr/5.4.0/../../../../avr/lib/avr5/memx-const\libm.a(addsf3x.o)
                              c:/program files/microchip/xc8/v2.32/avr/bin/../lib/gcc/avr/5.4.0/../../../../avr/lib/avr5/memx-const\libm.a(addsf3.o) (__addsf3x)
c:/program files/microchip/xc8/v2.32/avr/bin/../lib/gcc/avr/5.4.0/../../../../avr/lib/avr5/memx-const\libm.a(divsf3.o)
                              build/default/production/drivers/mTimer0.o (__divsf3)
c:/program files/microchip/xc8/v2.32/avr/bin/../lib/gcc/avr/5.4.0/../../../../avr/lib/avr5/memx-const\libm.a(divsf3x.o)
                              c:/program files/microchip/xc8/v2.32/avr/bin/../lib/gcc/avr/5.4.0/../../../../avr/lib/avr5/memx-const\libm.a(divsf3.o) (__divsf3x)
c:/program files/microchip/xc8/v2.32/avr/bin/../lib/gcc/avr/5.4.0/../../../../avr/lib/avr5/memx-const\libm.a(fixunssfsi.o)
                              build/default/production/drivers/mTimer0.o (__fixunssfsi)
c:/program files/microchip/xc8/v2.32/avr/bin/../lib/gcc/avr/5.4.0/../../../../avr/lib/avr5/memx-const\libm.a(floatsisf.o)
                              build/default/production/drivers/mUART.o (__floatunsisf)
c:/program files/microchip/xc8/v2.32/avr/bin/../lib/gcc/avr/5.4.0/../../../../avr/lib/avr5/memx-const\libm.a(fp_inf.o)
                              c:/program files/microchip/xc8/v2.32/avr/bin/../lib/gcc/avr/5.4.0/../../../../avr/lib/avr5/memx-const\libm.a(addsf3x.o) (__fp_inf)
c:/program files/microchip/xc8/v2.32/avr/bin/../lib/gcc/avr/5.4.0/../../../../avr/lib/avr5/memx-const\libm.a(fp_nan.o)
                              c:/program files/microchip/xc8/v2.32/avr/bin/../lib/gcc/avr/5.4.0/../../../../avr/lib/avr5/memx-const\libm.a(addsf3x.o) (__fp_nan)
c:/program files/microchip/xc8/v2.32/avr/bin/../lib/gcc/avr/5.4.0/../../../../avr/lib/avr5/memx-const\libm.a(fp_pscA.o)
                              c:/program files/microchip/xc8/v2.32/avr/bin/../lib/gcc/avr/5.4.0/../../../../avr/lib/avr5/memx-const\libm.a(addsf3x.o) (__fp_pscA)
c:/program files/microchip/xc8/v2.32/avr/bin/../lib/gcc/avr/5.4.0/../../../../avr/lib/avr5/memx-const\libm.a(fp_pscB.o)
                              c:/program files/microchip/xc8/v2.32/avr/bin/../lib/gcc/avr/5.4.0/../../../../avr/lib/avr5/memx-const\libm.a(addsf3x.o) (__fp_pscB)
c:/program files/microchip/xc8/v2.32/avr/bin/../lib/gcc/avr/5.4.0/../../../../avr/lib/avr5/memx-const\libm.a(fp_round.o)
                              c:/program files/microchip/xc8/v2.32/avr/bin/../lib/gcc/avr/5.4.0/../../../../avr/lib/avr5/memx-const\libm.a(addsf3.o) (__fp_round)
c:/program files/microchip/xc8/v2.32/avr/bin/../lib/gcc/avr/5.4.0/../../../../avr/lib/avr5/memx-const\libm.a(fp_split3.o)
                              c:/program files/microchip/xc8/v2.32/avr/bin/../lib/gcc/avr/5.4.0/../../../../avr/lib/avr5/memx-const\libm.a(addsf3x.o) (__fp_split3)
c:/program files/microchip/xc8/v2.32/avr/bin/../lib/gcc/avr/5.4.0/../../../../avr/lib/avr5/memx-const\libm.a(fp_zero.o)
                              c:/program files/microchip/xc8/v2.32/avr/bin/../lib/gcc/avr/5.4.0/../../../../avr/lib/avr5/memx-const\libm.a(addsf3x.o) (__fp_zero)
c:/program files/microchip/xc8/v2.32/avr/bin/../lib/gcc/avr/5.4.0/avr5/memx-const\libgcc.a(_udivmodhi4.o)
                              build/default/production/FREERTOSFILES/queue.o (__udivmodhi4)
c:/program files/microchip/xc8/v2.32/avr/bin/../lib/gcc/avr/5.4.0/avr5/memx-const\libgcc.a(_exit.o)
                              C:/Program Files/Microchip/MPLABX/v5.50/packs/Microchip/ATmega_DFP/2.3.126/xc8/avr/lib/avr5/memx-const/crtatmega32a.o (exit)
c:/program files/microchip/xc8/v2.32/avr/bin/../lib/gcc/avr/5.4.0/avr5/memx-const\libgcc.a(_copy_data.o)
                              build/default/production/application.o (__do_copy_data)
c:/program files/microchip/xc8/v2.32/avr/bin/../lib/gcc/avr/5.4.0/avr5/memx-const\libgcc.a(_xload_2.o)
                              build/default/production/FREERTOSFILES/croutine.o (__xload_2)
c:/program files/microchip/xc8/v2.32/avr/bin/../lib/gcc/avr/5.4.0/../../../../avr/lib/avr5/memx-const\libc.a(memcpy_M.o)
                              build/default/production/FREERTOSFILES/queue.o (memcpy)
c:/program files/microchip/xc8/v2.32/avr/bin/../lib/gcc/avr/5.4.0/../../../../avr/lib/avr5/memx-const\libc.a(itoa_ncheck.o)
                              build/default/production/drivers/mLCD_4bits.o (__itoa_ncheck)
c:/program files/microchip/xc8/v2.32/avr/bin/../lib/gcc/avr/5.4.0/../../../../avr/lib/avr5/memx-const\libc.a(utoa_ncheck.o)
                              c:/program files/microchip/xc8/v2.32/avr/bin/../lib/gcc/avr/5.4.0/../../../../avr/lib/avr5/memx-const\libc.a(itoa_ncheck.o) (__utoa_common)
[...]
Memory Configuration

Name             Origin             Length             Attributes
text             0x0000000000000000 0x0000000000008000 xr
data             0x0000000000800060 0x0000000000000800 rw !x
eeprom           0x0000000000810000 0x0000000000000400 rw !x
fuse             0x0000000000820000 0x0000000000000002 rw !x
lock             0x0000000000830000 0x0000000000000400 rw !x
signature        0x0000000000840000 0x0000000000000400 rw !x
user_signatures  0x0000000000850000 0x0000000000000400 rw !x
*default*        0x0000000000000000 0xffffffffffffffff

Linker script and memory map

LOAD C:/Program Files/Microchip/MPLABX/v5.50/packs/Microchip/ATmega_DFP/2.3.126/xc8/avr/lib/avr5/memx-const/crtatmega32a.o
                0x0000000000000001                __MPLAB_BUILD = 0x1
LOAD build/default/production/application.o
LOAD build/default/production/FREERTOSFILES/croutine.o
LOAD build/default/production/FREERTOSFILES/event_groups.o
LOAD build/default/production/FREERTOSFILES/heap_4.o
LOAD build/default/production/FREERTOSFILES/list.o
LOAD build/default/production/FREERTOSFILES/port.o
LOAD build/default/production/FREERTOSFILES/queue.o
LOAD build/default/production/FREERTOSFILES/stream_buffer.o
LOAD build/default/production/FREERTOSFILES/tasks.o
LOAD build/default/production/FREERTOSFILES/timers.o
LOAD build/default/production/drivers/m24C32.o
LOAD build/default/production/drivers/mADC.o
LOAD build/default/production/drivers/mDIO.o
LOAD build/default/production/drivers/mExternalINT.o
LOAD build/default/production/drivers/mKIT.o
LOAD build/default/production/drivers/mKeypad.o
LOAD build/default/production/drivers/mLCD_4bits.o
LOAD build/default/production/drivers/mLCD_8bits.o
LOAD build/default/production/drivers/mSPI.o
LOAD build/default/production/drivers/mTWI.o
LOAD build/default/production/drivers/mTimer0.o
LOAD build/default/production/drivers/mUART.o
START GROUP
LOAD c:/program files/microchip/xc8/v2.32/avr/bin/../lib/gcc/avr/5.4.0/../../../../avr/lib/avr5/memx-const\libm.a
END GROUP
START GROUP
LOAD c:/program files/microchip/xc8/v2.32/avr/bin/../lib/gcc/avr/5.4.0/avr5/memx-const\libgcc.a
LOAD c:/program files/microchip/xc8/v2.32/avr/bin/../lib/gcc/avr/5.4.0/../../../../avr/lib/avr5/memx-const\libm.a
LOAD c:/program files/microchip/xc8/v2.32/avr/bin/../lib/gcc/avr/5.4.0/../../../../avr/lib/avr5/memx-const\libc.a
LOAD C:/Program Files/Microchip/MPLABX/v5.50/packs/Microchip/ATmega_DFP/2.3.126/xc8/avr/lib/avr5/memx-const\libatmega32a.a
END GROUP
                [0x0000000000000000]                __TEXT_REGION_ORIGIN__ = DEFINED (__TEXT_REGION_ORIGIN__)?__TEXT_REGION_ORIGIN__:0x0
                [0x0000000000800060]                __DATA_REGION_ORIGIN__ = DEFINED (__DATA_REGION_ORIGIN__)?__DATA_REGION_ORIGIN__:0x800060
                [0x0000000000008000]                __TEXT_REGION_LENGTH__ = DEFINED (__TEXT_REGION_LENGTH__)?__TEXT_REGION_LENGTH__:0x20000
                [0x0000000000000800]                __DATA_REGION_LENGTH__ = DEFINED (__DATA_REGION_LENGTH__)?__DATA_REGION_LENGTH__:0xffa0
                [0x0000000000000400]                __EEPROM_REGION_LENGTH__ = DEFINED (__EEPROM_REGION_LENGTH__)?__EEPROM_REGION_LENGTH__:0x10000
                [0x0000000000000002]                __FUSE_REGION_LENGTH__ = DEFINED (__FUSE_REGION_LENGTH__)?__FUSE_REGION_LENGTH__:0x400
                0x0000000000000400                __LOCK_REGION_LENGTH__ = DEFINED (__LOCK_REGION_LENGTH__)?__LOCK_REGION_LENGTH__:0x400
                0x0000000000000400                __SIGNATURE_REGION_LENGTH__ = DEFINED (__SIGNATURE_REGION_LENGTH__)?__SIGNATURE_REGION_LENGTH__:0x400
                0x0000000000000400                __USER_SIGNATURE_REGION_LENGTH__ = DEFINED (__USER_SIGNATURE_REGION_LENGTH__)?__USER_SIGNATURE_REGION_LENGTH__:0x400

.hash
 *(.hash)

.dynsym
 *(.dynsym)

.dynstr
 *(.dynstr)

.gnu.version
 *(.gnu.version)

.gnu.version_d
 *(.gnu.version_d)

.gnu.version_r
 *(.gnu.version_r)

.rel.init
 *(.rel.init)

.rela.init
 *(.rela.init)

.rel.text
 *(.rel.text)
 *(.rel.text.*)
 *(.rel.gnu.linkonce.t*)

.rela.text
 *(.rela.text)
 *(.rela.text.*)
 *(.rela.gnu.linkonce.t*)

.rel.fini
 *(.rel.fini)

.rela.fini
 *(.rela.fini)

.rel.rodata
 *(.rel.rodata)
 *(.rel.rodata.*)
 *(.rel.gnu.linkonce.r*)

.rela.rodata
 *(.rela.rodata)
 *(.rela.rodata.*)
 *(.rela.gnu.linkonce.r*)

.rel.data
 *(.rel.data)
 *(.rel.data.*)
 *(.rel.gnu.linkonce.d*)

.rela.data
 *(.rela.data)
 *(.rela.data.*)
 *(.rela.gnu.linkonce.d*)

.rel.ctors
 *(.rel.ctors)

.rela.ctors
 *(.rela.ctors)

.rel.dtors
 *(.rel.dtors)

.rela.dtors
 *(.rela.dtors)

.rel.got
 *(.rel.got)

.rela.got
 *(.rela.got)

.rel.bss
 *(.rel.bss)

.rela.bss
 *(.rela.bss)

.rel.plt
 *(.rel.plt)

.rela.plt
 *(.rela.plt)

.text           0x0000000000000000       0xba
 *(.vectors)
 .vectors       0x0000000000000000       0x54 C:/Program Files/Microchip/MPLABX/v5.50/packs/Microchip/ATmega_DFP/2.3.126/xc8/avr/lib/avr5/memx-const/crtatmega32a.o
                0x0000000000000000                __vector_default
                0x0000000000000000                __vectors
 *(.vectors)
 *(.progmem.gcc*)
 *(.dinit)
 .dinit         0x0000000000000054       0x11 data_init
                0x0000000000000066                . = ALIGN (0x2)
 *fill*         0x0000000000000065        0x1 
                0x0000000000000066                __trampolines_start = .
 *(.trampolines)
 .trampolines   0x0000000000000066        0x0 linker stubs
 *(.trampolines*)
                0x0000000000000066                __trampolines_end = .
 *libprintf_flt.a:*(.progmem.data)
 *libc.a:*(.progmem.data)
                0x0000000000000066                . = ALIGN (0x2)
 *(.jumptables)
 *(.jumptables*)
 *(.lowtext)
 *(.lowtext*)
                0x0000000000000066                __ctors_start = .
 *(.ctors)
                0x0000000000000066                __ctors_end = .
                0x0000000000000066                __dtors_start = .
 *(.dtors)
                0x0000000000000066                __dtors_end = .
 SORT(*)(.ctors)
 SORT(*)(.dtors)
 *(.init0)
 .init0         0x0000000000000066        0x0 C:/Program Files/Microchip/MPLABX/v5.50/packs/Microchip/ATmega_DFP/2.3.126/xc8/avr/lib/avr5/memx-const/crtatmega32a.o
                0x0000000000000066                __init
 *(.init0)
 *(.init1)
 *(.init1)
 *(.init2)
 .init2         0x0000000000000066        0xc C:/Program Files/Microchip/MPLABX/v5.50/packs/Microchip/ATmega_DFP/2.3.126/xc8/avr/lib/avr5/memx-const/crtatmega32a.o
 *(.init2)
 *(.init3)
 *(.init3)
 *(.init4)
 .init4         0x0000000000000072       0x3c c:/program files/microchip/xc8/v2.32/avr/bin/../lib/gcc/avr/5.4.0/avr5/memx-const\libgcc.a(_copy_data.o)
                0x0000000000000072                __do_copy_data
                0x00000000000000a0                __do_clear_bss
 *(.init4)
 *(.init5)
 *(.init5)
 *(.init6)
 *(.init6)
 *(.init7)
 *(.init7)
 *(.init8)
 *(.init8)
 *(.init9)
 .init9         0x00000000000000ae        0x8 C:/Program Files/Microchip/MPLABX/v5.50/packs/Microchip/ATmega_DFP/2.3.126/xc8/avr/lib/avr5/memx-const/crtatmega32a.o
 *(.init9)
                0x00000000000000b6                . = ALIGN (0x2)
 *(.fini9)
 .fini9         0x00000000000000b6        0x0 c:/program files/microchip/xc8/v2.32/avr/bin/../lib/gcc/avr/5.4.0/avr5/memx-const\libgcc.a(_exit.o)
                0x00000000000000b6                _exit
                0x00000000000000b6                exit
 *(.fini9)
 *(.fini8)
 *(.fini8)
 *(.fini7)
 *(.fini7)
 *(.fini6)
 *(.fini6)
 *(.fini5)
 *(.fini5)
 *(.fini4)
 *(.fini4)
 *(.fini3)
 *(.fini3)
 *(.fini2)
 *(.fini2)
 *(.fini1)
 *(.fini1)
 *(.fini0)
 .fini0         0x00000000000000b6        0x4 c:/program files/microchip/xc8/v2.32/avr/bin/../lib/gcc/avr/5.4.0/avr5/memx-const\libgcc.a(_exit.o)
 *(.fini0)
                0x00000000000000ba                _etext = .

.data           0x0000000000800060        0x0 load address 0x00000000000000ba
                [!provide]                        PROVIDE (__data_start, .)
 *(.gnu.linkonce.d*)
 *(.gnu.linkonce.r*)
                0x0000000000800060                . = ALIGN (0x2)
                0x0000000000800060                _edata = .
                [!provide]                        PROVIDE (__data_end, .)

.bss            0x0000000000800060        0x4
                [!provide]                        PROVIDE (__bss_start, .)
 *(COMMON)
 COMMON         0x0000000000800060        0x4 build/default/production/application.o
                0x0000000000800060                handler1
                0x0000000000800062                handler2
                [!provide]                        PROVIDE (__bss_end, .)
                0x00000000000000ba                __data_load_start = LOADADDR (.data)
                0x00000000000000ba                __data_load_end = (__data_load_start + SIZEOF (.data))

.noinit         0x0000000000800064        0x0
                [!provide]                        PROVIDE (__noinit_start, .)
 *(.noinit*)
                [!provide]                        PROVIDE (__noinit_end, .)
                0x0000000000800064                _end = .

.eeprom         0x0000000000810000        0x0
 *(.eeprom*)
                0x0000000000810000                __eeprom_end = .

.fuse
 *(.fuse)
 *(.lfuse)
 *(.hfuse)
 *(.efuse)

.lock
 *(.lock*)

.signature
 *(.signature*)

.user_signatures
 *(.user_signatures*)

.stab
 *(.stab)

.stabstr
 *(.stabstr)

.stab.excl
 *(.stab.excl)

.stab.exclstr
 *(.stab.exclstr)

.stab.index
 *(.stab.index)

.stab.indexstr
 *(.stab.indexstr)

.comment        0x0000000000000000       0x2f
 *(.comment)
 .comment       0x0000000000000000       0x2f build/default/production/application.o
                                         0x30 (size before relaxing)
 .comment       0x000000000000002f       0x30 build/default/production/FREERTOSFILES/heap_4.o
 .comment       0x000000000000002f       0x30 build/default/production/FREERTOSFILES/list.o
 .comment       0x000000000000002f       0x30 build/default/production/FREERTOSFILES/port.o
 .comment       0x000000000000002f       0x30 build/default/production/FREERTOSFILES/tasks.o
 .comment       0x000000000000002f       0x30 build/default/production/drivers/mUART.o

.stack.descriptors.hdr
                0x0000000000000000       0xc4
 .stack.descriptors.hdr
                0x0000000000000000        0xe c:/program files/microchip/xc8/v2.32/avr/bin/../lib/gcc/avr/5.4.0/../../../../avr/lib/avr5/memx-const\libm.a(addsf3.o)
 .stack.descriptors.hdr
                0x000000000000000e        0xe c:/program files/microchip/xc8/v2.32/avr/bin/../lib/gcc/avr/5.4.0/../../../../avr/lib/avr5/memx-const\libm.a(addsf3x.o)
 .stack.descriptors.hdr
                0x000000000000001c        0xe c:/program files/microchip/xc8/v2.32/avr/bin/../lib/gcc/avr/5.4.0/../../../../avr/lib/avr5/memx-const\libm.a(divsf3.o)
 .stack.descriptors.hdr
                0x000000000000002a        0xe c:/program files/microchip/xc8/v2.32/avr/bin/../lib/gcc/avr/5.4.0/../../../../avr/lib/avr5/memx-const\libm.a(divsf3x.o)
 .stack.descriptors.hdr
                0x0000000000000038        0xe c:/program files/microchip/xc8/v2.32/avr/bin/../lib/gcc/avr/5.4.0/../../../../avr/lib/avr5/memx-const\libm.a(fixunssfsi.o)
 .stack.descriptors.hdr
                0x0000000000000046        0xe c:/program files/microchip/xc8/v2.32/avr/bin/../lib/gcc/avr/5.4.0/../../../../avr/lib/avr5/memx-const\libm.a(floatsisf.o)
 .stack.descriptors.hdr
                0x0000000000000054        0xe c:/program files/microchip/xc8/v2.32/avr/bin/../lib/gcc/avr/5.4.0/../../../../avr/lib/avr5/memx-const\libm.a(fp_inf.o)
 .stack.descriptors.hdr
                0x0000000000000062        0xe c:/program files/microchip/xc8/v2.32/avr/bin/../lib/gcc/avr/5.4.0/../../../../avr/lib/avr5/memx-const\libm.a(fp_nan.o)
 .stack.descriptors.hdr
                0x0000000000000070        0xe c:/program files/microchip/xc8/v2.32/avr/bin/../lib/gcc/avr/5.4.0/../../../../avr/lib/avr5/memx-const\libm.a(fp_pscA.o)
 .stack.descriptors.hdr
                0x000000000000007e        0xe c:/program files/microchip/xc8/v2.32/avr/bin/../lib/gcc/avr/5.4.0/../../../../avr/lib/avr5/memx-const\libm.a(fp_pscB.o)
 .stack.descriptors.hdr
                0x000000000000008c        0xe c:/program files/microchip/xc8/v2.32/avr/bin/../lib/gcc/avr/5.4.0/../../../../avr/lib/avr5/memx-const\libm.a(fp_round.o)
 .stack.descriptors.hdr
                0x000000000000009a        0xe c:/program files/microchip/xc8/v2.32/avr/bin/../lib/gcc/avr/5.4.0/../../../../avr/lib/avr5/memx-const\libm.a(fp_split3.o)
 .stack.descriptors.hdr
                0x00000000000000a8        0xe c:/program files/microchip/xc8/v2.32/avr/bin/../lib/gcc/avr/5.4.0/../../../../avr/lib/avr5/memx-const\libm.a(fp_zero.o)
 .stack.descriptors.hdr
                0x00000000000000b6        0xe c:/program files/microchip/xc8/v2.32/avr/bin/../lib/gcc/avr/5.4.0/avr5/memx-const\libgcc.a(_exit.o)

.note.gnu.build-id
 *(.note.gnu.build-id)

.debug
 *(.debug)

.line
 *(.line)

.debug_srcinfo
 *(.debug_srcinfo)

.debug_sfnames
 *(.debug_sfnames)

.debug_aranges  0x0000000000000000      0x270
 *(.debug_aranges)
 .debug_aranges
                0x0000000000000000       0x30 build/default/production/application.o
 .debug_aranges
                0x0000000000000030       0x50 build/default/production/FREERTOSFILES/heap_4.o
 .debug_aranges
                0x0000000000000080       0x40 build/default/production/FREERTOSFILES/list.o
 .debug_aranges
                0x00000000000000c0       0x48 build/default/production/FREERTOSFILES/port.o
 .debug_aranges
                0x0000000000000108      0x128 build/default/production/FREERTOSFILES/tasks.o
 .debug_aranges
                0x0000000000000230       0x40 build/default/production/drivers/mUART.o

.debug_pubnames
 *(.debug_pubnames)

.debug_info     0x0000000000000000     0x42e7
 *(.debug_info .gnu.linkonce.wi.*)
 .debug_info    0x0000000000000000      0x4e6 C:/Program Files/Microchip/MPLABX/v5.50/packs/Microchip/ATmega_DFP/2.3.126/xc8/avr/lib/avr5/memx-const/crtatmega32a.o
 .debug_info    0x00000000000004e6      0x52d build/default/production/application.o
 .debug_info    0x0000000000000a13      0x848 build/default/production/FREERTOSFILES/heap_4.o
 .debug_info    0x000000000000125b      0x544 build/default/production/FREERTOSFILES/list.o
 .debug_info    0x000000000000179f      0x4e2 build/default/production/FREERTOSFILES/port.o
 .debug_info    0x0000000000001c81     0x21f2 build/default/production/FREERTOSFILES/tasks.o
 .debug_info    0x0000000000003e73      0x474 build/default/production/drivers/mUART.o

.debug_abbrev   0x0000000000000000      0xecb
 *(.debug_abbrev)
 .debug_abbrev  0x0000000000000000      0x4a3 C:/Program Files/Microchip/MPLABX/v5.50/packs/Microchip/ATmega_DFP/2.3.126/xc8/avr/lib/avr5/memx-const/crtatmega32a.o
 .debug_abbrev  0x00000000000004a3      0x124 build/default/production/application.o
 .debug_abbrev  0x00000000000005c7      0x1eb build/default/production/FREERTOSFILES/heap_4.o
 .debug_abbrev  0x00000000000007b2      0x116 build/default/production/FREERTOSFILES/list.o
 .debug_abbrev  0x00000000000008c8      0x14a build/default/production/FREERTOSFILES/port.o
 .debug_abbrev  0x0000000000000a12      0x336 build/default/production/FREERTOSFILES/tasks.o
 .debug_abbrev  0x0000000000000d48      0x183 build/default/production/drivers/mUART.o

.debug_line     0x0000000000000000     0x1977
 *(.debug_line .debug_line.* .debug_line_end)
 .debug_line    0x0000000000000000      0x119 C:/Program Files/Microchip/MPLABX/v5.50/packs/Microchip/ATmega_DFP/2.3.126/xc8/avr/lib/avr5/memx-const/crtatmega32a.o
 .debug_line    0x0000000000000119      0x121 build/default/production/application.o
 .debug_line    0x000000000000023a      0x38a build/default/production/FREERTOSFILES/heap_4.o
 .debug_line    0x00000000000005c4      0x1b8 build/default/production/FREERTOSFILES/list.o
 .debug_line    0x000000000000077c      0x270 build/default/production/FREERTOSFILES/port.o
 .debug_line    0x00000000000009ec      0xe51 build/default/production/FREERTOSFILES/tasks.o
 .debug_line    0x000000000000183d      0x13a build/default/production/drivers/mUART.o

.debug_frame    0x0000000000000000      0x6fc
 *(.debug_frame)
 .debug_frame   0x0000000000000000       0x44 build/default/production/application.o
 .debug_frame   0x0000000000000044       0xec build/default/production/FREERTOSFILES/heap_4.o
 .debug_frame   0x0000000000000130       0x88 build/default/production/FREERTOSFILES/list.o
 .debug_frame   0x00000000000001b8       0x74 build/default/production/FREERTOSFILES/port.o
 .debug_frame   0x000000000000022c      0x450 build/default/production/FREERTOSFILES/tasks.o
 .debug_frame   0x000000000000067c       0x80 build/default/production/drivers/mUART.o

.debug_str      0x0000000000000000      0x4dd
 *(.debug_str)
 .debug_str     0x0000000000000000      0x196 C:/Program Files/Microchip/MPLABX/v5.50/packs/Microchip/ATmega_DFP/2.3.126/xc8/avr/lib/avr5/memx-const/crtatmega32a.o
 .debug_str     0x0000000000000196       0x48 build/default/production/application.o
 .debug_str     0x00000000000001de       0x76 build/default/production/FREERTOSFILES/heap_4.o
 .debug_str     0x0000000000000254       0x2b build/default/production/FREERTOSFILES/list.o
 .debug_str     0x000000000000027f       0x26 build/default/production/FREERTOSFILES/port.o
 .debug_str     0x00000000000002a5      0x22a build/default/production/FREERTOSFILES/tasks.o
 .debug_str     0x00000000000004cf        0xe build/default/production/drivers/mUART.o

.debug_loc      0x0000000000000000     0x1e79
 *(.debug_loc)
 .debug_loc     0x0000000000000000       0x50 build/default/production/application.o
 .debug_loc     0x0000000000000050      0x3dc build/default/production/FREERTOSFILES/heap_4.o
 .debug_loc     0x000000000000042c       0xb8 build/default/production/FREERTOSFILES/list.o
 .debug_loc     0x00000000000004e4      0x2a0 build/default/production/FREERTOSFILES/port.o
 .debug_loc     0x0000000000000784     0x15cb build/default/production/FREERTOSFILES/tasks.o
 .debug_loc     0x0000000000001d4f      0x12a build/default/production/drivers/mUART.o

.debug_macinfo
 *(.debug_macinfo)

.debug_weaknames
 *(.debug_weaknames)

.debug_funcnames
 *(.debug_funcnames)

.debug_typenames
 *(.debug_typenames)

.debug_varnames
 *(.debug_varnames)

.debug_pubtypes
 *(.debug_pubtypes)

.debug_ranges   0x0000000000000000      0x290
 *(.debug_ranges)
 .debug_ranges  0x0000000000000000       0x20 build/default/production/application.o
 .debug_ranges  0x0000000000000020       0x40 build/default/production/FREERTOSFILES/heap_4.o
 .debug_ranges  0x0000000000000060       0x30 build/default/production/FREERTOSFILES/list.o
 .debug_ranges  0x0000000000000090       0x38 build/default/production/FREERTOSFILES/port.o
 .debug_ranges  0x00000000000000c8      0x198 build/default/production/FREERTOSFILES/tasks.o
 .debug_ranges  0x0000000000000260       0x30 build/default/production/drivers/mUART.o

.debug_macro
 *(.debug_macro)
OUTPUT(dist/default/production/ALEX25_FREERTOS.X.production.elf elf32-avr)
LOAD linker stubs
LOAD data_init

.note.gnu.avr.deviceinfo
                0x0000000000000000       0x3c
 .note.gnu.avr.deviceinfo
                0x0000000000000000       0x3c C:/Program Files/Microchip/MPLABX/v5.50/packs/Microchip/ATmega_DFP/2.3.126/xc8/avr/lib/avr5/memx-const/crtatmega32a.o

.bss.xBlockAllocatedBit
                0x0000000000800698        0x2
 .bss.xBlockAllocatedBit
                0x0000000000800698        0x2 build/default/production/FREERTOSFILES/heap_4.o

.bss.xNumberOfSuccessfulFrees
                0x000000000080069a        0x2
 .bss.xNumberOfSuccessfulFrees
                0x000000000080069a        0x2 build/default/production/FREERTOSFILES/heap_4.o

.bss.xNumberOfSuccessfulAllocations
                0x000000000080069c        0x2
 .bss.xNumberOfSuccessfulAllocations
                0x000000000080069c        0x2 build/default/production/FREERTOSFILES/heap_4.o

.bss.xMinimumEverFreeBytesRemaining
                0x000000000080069e        0x2
 .bss.xMinimumEverFreeBytesRemaining
                0x000000000080069e        0x2 build/default/production/FREERTOSFILES/heap_4.o

.bss.xFreeBytesRemaining
                0x00000000008006a0        0x2
 .bss.xFreeBytesRemaining
                0x00000000008006a0        0x2 build/default/production/FREERTOSFILES/heap_4.o

.bss.pxEnd      0x00000000008006a2        0x2
 .bss.pxEnd     0x00000000008006a2        0x2 build/default/production/FREERTOSFILES/heap_4.o

.bss.xStart     0x0000000000800694        0x4
 .bss.xStart    0x0000000000800694        0x4 build/default/production/FREERTOSFILES/heap_4.o

.bss.ucHeap     0x0000000000800064      0x5dc
 .bss.ucHeap    0x0000000000800064      0x5dc build/default/production/FREERTOSFILES/heap_4.o

.bss.uxSchedulerSuspended
                0x00000000008006b2        0x1
 .bss.uxSchedulerSuspended
                0x00000000008006b2        0x1 build/default/production/FREERTOSFILES/tasks.o

.bss.xIdleTaskHandle
                0x00000000008006a4        0x2
 .bss.xIdleTaskHandle
                0x00000000008006a4        0x2 build/default/production/FREERTOSFILES/tasks.o

.bss.xNextTaskUnblockTime
                0x00000000008006a6        0x2
 .bss.xNextTaskUnblockTime
                0x00000000008006a6        0x2 build/default/production/FREERTOSFILES/tasks.o

.bss.uxTaskNumber
                0x00000000008006b3        0x1
 .bss.uxTaskNumber
                0x00000000008006b3        0x1 build/default/production/FREERTOSFILES/tasks.o

.bss.xNumOfOverflows
                0x00000000008006b4        0x1
 .bss.xNumOfOverflows
                0x00000000008006b4        0x1 build/default/production/FREERTOSFILES/tasks.o

.bss.xYieldPending
                0x00000000008006b5        0x1
 .bss.xYieldPending
                0x00000000008006b5        0x1 build/default/production/FREERTOSFILES/tasks.o

.bss.xPendedTicks
                0x00000000008006a8        0x2
 .bss.xPendedTicks
                0x00000000008006a8        0x2 build/default/production/FREERTOSFILES/tasks.o

.bss.xSchedulerRunning
                0x00000000008006b6        0x1
 .bss.xSchedulerRunning
                0x00000000008006b6        0x1 build/default/production/FREERTOSFILES/tasks.o

.bss.uxTopReadyPriority
                0x00000000008006b7        0x1
 .bss.uxTopReadyPriority
                0x00000000008006b7        0x1 build/default/production/FREERTOSFILES/tasks.o

.bss.xTickCount
                0x00000000008006aa        0x2
 .bss.xTickCount
                0x00000000008006aa        0x2 build/default/production/FREERTOSFILES/tasks.o

.bss.uxCurrentNumberOfTasks
                0x00000000008006b8        0x1
 .bss.uxCurrentNumberOfTasks
                0x00000000008006b8        0x1 build/default/production/FREERTOSFILES/tasks.o

.bss.uxDeletedTasksWaitingCleanUp
                0x00000000008006b9        0x1
 .bss.uxDeletedTasksWaitingCleanUp
                0x00000000008006b9        0x1 build/default/production/FREERTOSFILES/tasks.o

.bss.xTasksWaitingTermination
                0x0000000000800664        0x9
 .bss.xTasksWaitingTermination
                0x0000000000800664        0x9 build/default/production/FREERTOSFILES/tasks.o

.bss.xPendingReadyList
                0x000000000080066d        0x9
 .bss.xPendingReadyList
                0x000000000080066d        0x9 build/default/production/FREERTOSFILES/tasks.o

.bss.pxOverflowDelayedTaskList
                0x00000000008006ac        0x2
 .bss.pxOverflowDelayedTaskList
                0x00000000008006ac        0x2 build/default/production/FREERTOSFILES/tasks.o

.bss.pxDelayedTaskList
                0x00000000008006ae        0x2
 .bss.pxDelayedTaskList
                0x00000000008006ae        0x2 build/default/production/FREERTOSFILES/tasks.o

.bss.xDelayedTaskList2
                0x0000000000800676        0x9
 .bss.xDelayedTaskList2
                0x0000000000800676        0x9 build/default/production/FREERTOSFILES/tasks.o

.bss.xDelayedTaskList1
                0x000000000080067f        0x9
 .bss.xDelayedTaskList1
                0x000000000080067f        0x9 build/default/production/FREERTOSFILES/tasks.o

.bss.pxReadyTasksLists
                0x0000000000800640       0x24
 .bss.pxReadyTasksLists
                0x0000000000800640       0x24 build/default/production/FREERTOSFILES/tasks.o

.bss.pxCurrentTCB
                0x00000000008006b0        0x2
 .bss.pxCurrentTCB
                0x00000000008006b0        0x2 build/default/production/FREERTOSFILES/tasks.o
                0x00000000008006b0                pxCurrentTCB

.progmemx.data  0x00000000000000ba        0x6
 .progmemx.data
                0x00000000000000ba        0x6 build/default/production/application.o

.progmemx.data  0x00000000000000c0        0x6
 .progmemx.data
                0x00000000000000c0        0x6 build/default/production/FREERTOSFILES/tasks.o
                0x00000000000000c5                uxTopUsedPriority

.text.xTaskCreate
                0x00000000000000c6      0x294
 .text.xTaskCreate
                0x00000000000000c6      0x294 build/default/production/FREERTOSFILES/tasks.o
                0x00000000000000c6                xTaskCreate

.text.xTaskIncrementTick
                0x000000000000035a      0x23e
 .text.xTaskIncrementTick
                0x000000000000035a      0x23e build/default/production/FREERTOSFILES/tasks.o
                0x000000000000035a                xTaskIncrementTick

.text.xTaskResumeAll
                0x0000000000000598      0x1bc
 .text.xTaskResumeAll
                0x0000000000000598      0x1bc build/default/production/FREERTOSFILES/tasks.o
                0x0000000000000598                xTaskResumeAll

.text.pvPortMalloc
                0x0000000000000754      0x19a
 .text.pvPortMalloc
                0x0000000000000754      0x19a build/default/production/FREERTOSFILES/heap_4.o
                0x0000000000000754                pvPortMalloc

.text.avrlibc.fplib
                0x00000000000008ee       0xde
 .text.avrlibc.fplib
                0x00000000000008ee       0xde c:/program files/microchip/xc8/v2.32/avr/bin/../lib/gcc/avr/5.4.0/../../../../avr/lib/avr5/memx-const\libm.a(divsf3x.o)
                0x00000000000008ee                __divsf3x
                0x0000000000000916                __divsf3_pse

.text.pxPortInitialiseStack
                0x00000000000009cc       0xd8
 .text.pxPortInitialiseStack
                0x00000000000009cc       0xd8 build/default/production/FREERTOSFILES/port.o
                0x00000000000009cc                pxPortInitialiseStack

.text.avrlibc.fplib
                0x0000000000000aa4       0xce
 .text.avrlibc.fplib
                0x0000000000000aa4       0xce c:/program files/microchip/xc8/v2.32/avr/bin/../lib/gcc/avr/5.4.0/../../../../avr/lib/avr5/memx-const\libm.a(addsf3x.o)
                0x0000000000000aa4                __addsf3x

.text.vTaskSwitchContext
                0x0000000000000b72       0xcc
 .text.vTaskSwitchContext
                0x0000000000000b72       0xcc build/default/production/FREERTOSFILES/tasks.o
                0x0000000000000b72                vTaskSwitchContext

.text.vPortYieldFromTick
                0x0000000000000c3e       0xb8
 .text.vPortYieldFromTick
                0x0000000000000c3e       0xb8 build/default/production/FREERTOSFILES/port.o
                0x0000000000000c3e                vPortYieldFromTick

.text.vPortYield
                0x0000000000000cf6       0xb2
 .text.vPortYield
                0x0000000000000cf6       0xb2 build/default/production/FREERTOSFILES/port.o
                0x0000000000000cf6                vPortYield

.text.prvInsertBlockIntoFreeList
                0x0000000000000da8       0x9a
 .text.prvInsertBlockIntoFreeList
                0x0000000000000da8       0x9a build/default/production/FREERTOSFILES/heap_4.o

.text.prvAddCurrentTaskToDelayedList
                0x0000000000000e42       0x88
 .text.prvAddCurrentTaskToDelayedList
                0x0000000000000e42       0x88 build/default/production/FREERTOSFILES/tasks.o

.text.avrlibc.fplib
                0x0000000000000eca       0x7a
 .text.avrlibc.fplib
                0x0000000000000eca       0x7a c:/program files/microchip/xc8/v2.32/avr/bin/../lib/gcc/avr/5.4.0/../../../../avr/lib/avr5/memx-const\libm.a(floatsisf.o)
                0x0000000000000eca                __floatunsisf
                0x0000000000000ece                __floatsisf

.text.vPortFree
                0x0000000000000f44       0x76
 .text.vPortFree
                0x0000000000000f44       0x76 build/default/production/FREERTOSFILES/heap_4.o
                0x0000000000000f44                vPortFree

.text.prvIdleTask
                0x0000000000000fba       0x70
 .text.prvIdleTask
                0x0000000000000fba       0x70 build/default/production/FREERTOSFILES/tasks.o

.text.xPortStartScheduler
                0x000000000000102a       0x6c
 .text.xPortStartScheduler
                0x000000000000102a       0x6c build/default/production/FREERTOSFILES/port.o
                0x000000000000102a                xPortStartScheduler

.text.vListInsert
                0x0000000000001096       0x62
 .text.vListInsert
                0x0000000000001096       0x62 build/default/production/FREERTOSFILES/list.o
                0x0000000000001096                vListInsert

.text.vTaskStartScheduler
                0x00000000000010f8       0x5e
 .text.vTaskStartScheduler
                0x00000000000010f8       0x5e build/default/production/FREERTOSFILES/tasks.o
                0x00000000000010f8                vTaskStartScheduler

.text.avrlibc.fplib
                0x0000000000001156       0x5e
 .text.avrlibc.fplib
                0x0000000000001156       0x5e c:/program files/microchip/xc8/v2.32/avr/bin/../lib/gcc/avr/5.4.0/../../../../avr/lib/avr5/memx-const\libm.a(fixunssfsi.o)
                0x0000000000001156                __fixunssfsi

.text.main      0x00000000000011b4       0x52
 .text.main     0x00000000000011b4       0x52 build/default/production/application.o
                0x00000000000011b4                main

.text.uxListRemove
                0x0000000000001206       0x4e
 .text.uxListRemove
                0x0000000000001206       0x4e build/default/production/FREERTOSFILES/list.o
                0x0000000000001206                uxListRemove

.text.avrlibc.fplib
                0x0000000000001254       0x44
 .text.avrlibc.fplib
                0x0000000000001254       0x44 c:/program files/microchip/xc8/v2.32/avr/bin/../lib/gcc/avr/5.4.0/../../../../avr/lib/avr5/memx-const\libm.a(fp_split3.o)
                0x0000000000001254                __fp_split3
                0x0000000000001264                __fp_splitA

.text.prvResetNextTaskUnblockTime
                0x0000000000001298       0x38
 .text.prvResetNextTaskUnblockTime
                0x0000000000001298       0x38 build/default/production/FREERTOSFILES/tasks.o

.text.init_UART
                0x00000000000012d0       0x38
 .text.init_UART
                0x00000000000012d0       0x38 build/default/production/drivers/mUART.o
                0x00000000000012d0                init_UART

.text.vTaskDelay
                0x0000000000001308       0x28
 .text.vTaskDelay
                0x0000000000001308       0x28 build/default/production/FREERTOSFILES/tasks.o
                0x0000000000001308                vTaskDelay

.text.avrlibc.fplib
                0x0000000000001330       0x22
 .text.avrlibc.fplib
                0x0000000000001330       0x22 c:/program files/microchip/xc8/v2.32/avr/bin/../lib/gcc/avr/5.4.0/../../../../avr/lib/avr5/memx-const\libm.a(fp_round.o)
                0x0000000000001330                __fp_round

.text.UART_str  0x0000000000001352       0x1e
 .text.UART_str
                0x0000000000001352       0x1e build/default/production/drivers/mUART.o
                0x0000000000001352                UART_str

.text.vListInitialise
                0x0000000000001370       0x1c
 .text.vListInitialise
                0x0000000000001370       0x1c build/default/production/FREERTOSFILES/list.o
                0x0000000000001370                vListInitialise

.text.Task1     0x000000000000138c       0x18
 .text.Task1    0x000000000000138c       0x18 build/default/production/application.o
                0x000000000000138c                Task1

.text.Task2     0x00000000000013a4       0x18
 .text.Task2    0x00000000000013a4       0x18 build/default/production/application.o
                0x00000000000013a4                Task2

.text.avrlibc.fplib
                0x00000000000013bc        0xe
 .text.avrlibc.fplib
                0x00000000000013bc        0xe c:/program files/microchip/xc8/v2.32/avr/bin/../lib/gcc/avr/5.4.0/../../../../avr/lib/avr5/memx-const\libm.a(addsf3.o)
                0x00000000000013bc                __subsf3
                0x00000000000013be                __addsf3

.text.avrlibc.fplib
                0x00000000000013ca        0xe
 .text.avrlibc.fplib
                0x00000000000013ca        0xe c:/program files/microchip/xc8/v2.32/avr/bin/../lib/gcc/avr/5.4.0/../../../../avr/lib/avr5/memx-const\libm.a(fp_pscA.o)
                0x00000000000013ca                __fp_pscA

.text.avrlibc.fplib
                0x00000000000013d8        0xe
 .text.avrlibc.fplib
                0x00000000000013d8        0xe c:/program files/microchip/xc8/v2.32/avr/bin/../lib/gcc/avr/5.4.0/../../../../avr/lib/avr5/memx-const\libm.a(fp_pscB.o)
                0x00000000000013d8                __fp_pscB

.text.avrlibc.fplib
                0x00000000000013e6        0xe
 .text.avrlibc.fplib
                0x00000000000013e6        0xe c:/program files/microchip/xc8/v2.32/avr/bin/../lib/gcc/avr/5.4.0/../../../../avr/lib/avr5/memx-const\libm.a(fp_zero.o)
                0x00000000000013e6                __fp_zero
                0x00000000000013e8                __fp_szero

.text.vTaskSuspendAll
                0x00000000000013f4        0xc
 .text.vTaskSuspendAll
                0x00000000000013f4        0xc build/default/production/FREERTOSFILES/tasks.o
                0x00000000000013f4                vTaskSuspendAll

.text.avrlibc.fplib
                0x0000000000001400        0xc
 .text.avrlibc.fplib
                0x0000000000001400        0xc c:/program files/microchip/xc8/v2.32/avr/bin/../lib/gcc/avr/5.4.0/../../../../avr/lib/avr5/memx-const\libm.a(fp_inf.o)
                0x0000000000001400                __fp_inf

.text.vListInitialiseItem
                0x000000000000140c        0x8
 .text.vListInitialiseItem
                0x000000000000140c        0x8 build/default/production/FREERTOSFILES/list.o
                0x000000000000140c                vListInitialiseItem

.text.UART_send
                0x0000000000001414        0x8
 .text.UART_send
                0x0000000000001414        0x8 build/default/production/drivers/mUART.o
                0x0000000000001414                UART_send

.text.avrlibc.fplib
                0x000000000000141c        0x8
 .text.avrlibc.fplib
                0x000000000000141c        0x8 c:/program files/microchip/xc8/v2.32/avr/bin/../lib/gcc/avr/5.4.0/../../../../avr/lib/avr5/memx-const\libm.a(divsf3.o)
                0x000000000000141c                __divsf3

.text.__vector_7
                0x0000000000001424        0x6
 .text.__vector_7
                0x0000000000001424        0x6 build/default/production/FREERTOSFILES/port.o
                0x0000000000001424                __vector_7

.text.avrlibc.fplib
                0x000000000000142a        0x6
 .text.avrlibc.fplib
                0x000000000000142a        0x6 c:/program files/microchip/xc8/v2.32/avr/bin/../lib/gcc/avr/5.4.0/../../../../avr/lib/avr5/memx-const\libm.a(fp_nan.o)
                0x000000000000142a                __fp_nan

.text           0x0000000000001430        0x4
 .text          0x0000000000001430        0x4 C:/Program Files/Microchip/MPLABX/v5.50/packs/Microchip/ATmega_DFP/2.3.126/xc8/avr/lib/avr5/memx-const/crtatmega32a.o
                0x0000000000001430                __vector_1
                0x0000000000001430                __vector_12
                0x0000000000001430                __bad_interrupt
                0x0000000000001430                __vector_6
                0x0000000000001430                __vector_3
                0x0000000000001430                __vector_11
                0x0000000000001430                __vector_13
                0x0000000000001430                __vector_17
                0x0000000000001430                __vector_19
                0x0000000000001430                __vector_5
                0x0000000000001430                __vector_4
                0x0000000000001430                __vector_9
                0x0000000000001430                __vector_2
                0x0000000000001430                __vector_15
                0x0000000000001430                __vector_8
                0x0000000000001430                __vector_14
                0x0000000000001430                __vector_10
                0x0000000000001430                __vector_16
                0x0000000000001430                __vector_18
                0x0000000000001430                __vector_20

.data.str2      0x0000000000800688        0x6 load address 0x0000000000001434
 .data.str2     0x0000000000800688        0x6 build/default/production/application.o
                0x0000000000800688                str2

.data.str1      0x000000000080068e        0x6 load address 0x000000000000143a
 .data.str1     0x000000000080068e        0x6 build/default/production/application.o
                0x000000000080068e                str1
