Archive member included to satisfy reference by file (symbol)

c:/program files/microchip/xc8/v2.32/avr/bin/../lib/gcc/avr/5.4.0/../../../../avr/lib/avr5/memx-const\libm.a(addsf3.o)
                              build/default/production/drivers/mUART.o (__subsf3)
c:/program files/microchip/xc8/v2.32/avr/bin/../lib/gcc/avr/5.4.0/../../../../avr/lib/avr5/memx-const\libm.a(addsf3x.o)
                              c:/program files/microchip/xc8/v2.32/avr/bin/../lib/gcc/avr/5.4.0/../../../../avr/lib/avr5/memx-const\libm.a(addsf3.o) (__addsf3x)
c:/program files/microchip/xc8/v2.32/avr/bin/../lib/gcc/avr/5.4.0/../../../../avr/lib/avr5/memx-const\libm.a(divsf3.o)
                              build/default/production/drivers/mTimer0.o (__divsf3)
c:/program files/microchip/xc8/v2.32/avr/bin/../lib/gcc/avr/5.4.0/../../../../avr/lib/avr5/memx-const\libm.a(divsf3x.o)
                              c:/program files/microchip/xc8/v2.32/avr/bin/../lib/gcc/avr/5.4.0/../../../../avr/lib/avr5/memx-const\libm.a(divsf3.o) (__divsf3x)
c:/program files/microchip/xc8/v2.32/avr/bin/../lib/gcc/avr/5.4.0/../../../../avr/lib/avr5/memx-const\libm.a(fixunssfsi.o)
                              build/default/production/drivers/mTimer0.o (__fixunssfsi)
c:/program files/microchip/xc8/v2.32/avr/bin/../lib/gcc/avr/5.4.0/../../../../avr/lib/avr5/memx-const\libm.a(floatsisf.o)
                              build/default/production/drivers/mUART.o (__floatunsisf)
c:/program files/microchip/xc8/v2.32/avr/bin/../lib/gcc/avr/5.4.0/../../../../avr/lib/avr5/memx-const\libm.a(fp_inf.o)
                              c:/program files/microchip/xc8/v2.32/avr/bin/../lib/gcc/avr/5.4.0/../../../../avr/lib/avr5/memx-const\libm.a(addsf3x.o) (__fp_inf)
c:/program files/microchip/xc8/v2.32/avr/bin/../lib/gcc/avr/5.4.0/../../../../avr/lib/avr5/memx-const\libm.a(fp_nan.o)
                              c:/program files/microchip/xc8/v2.32/avr/bin/../lib/gcc/avr/5.4.0/../../../../avr/lib/avr5/memx-const\libm.a(addsf3x.o) (__fp_nan)
c:/program files/microchip/xc8/v2.32/avr/bin/../lib/gcc/avr/5.4.0/../../../../avr/lib/avr5/memx-const\libm.a(fp_pscA.o)
                              c:/program files/microchip/xc8/v2.32/avr/bin/../lib/gcc/avr/5.4.0/../../../../avr/lib/avr5/memx-const\libm.a(addsf3x.o) (__fp_pscA)
c:/program files/microchip/xc8/v2.32/avr/bin/../lib/gcc/avr/5.4.0/../../../../avr/lib/avr5/memx-const\libm.a(fp_pscB.o)
                              c:/program files/microchip/xc8/v2.32/avr/bin/../lib/gcc/avr/5.4.0/../../../../avr/lib/avr5/memx-const\libm.a(addsf3x.o) (__fp_pscB)
c:/program files/microchip/xc8/v2.32/avr/bin/../lib/gcc/avr/5.4.0/../../../../avr/lib/avr5/memx-const\libm.a(fp_round.o)
                              c:/program files/microchip/xc8/v2.32/avr/bin/../lib/gcc/avr/5.4.0/../../../../avr/lib/avr5/memx-const\libm.a(addsf3.o) (__fp_round)
c:/program files/microchip/xc8/v2.32/avr/bin/../lib/gcc/avr/5.4.0/../../../../avr/lib/avr5/memx-const\libm.a(fp_split3.o)
                              c:/program files/microchip/xc8/v2.32/avr/bin/../lib/gcc/avr/5.4.0/../../../../avr/lib/avr5/memx-const\libm.a(addsf3x.o) (__fp_split3)
c:/program files/microchip/xc8/v2.32/avr/bin/../lib/gcc/avr/5.4.0/../../../../avr/lib/avr5/memx-const\libm.a(fp_zero.o)
                              c:/program files/microchip/xc8/v2.32/avr/bin/../lib/gcc/avr/5.4.0/../../../../avr/lib/avr5/memx-const\libm.a(addsf3x.o) (__fp_zero)
c:/program files/microchip/xc8/v2.32/avr/bin/../lib/gcc/avr/5.4.0/avr5/memx-const\libgcc.a(_udivmodhi4.o)
                              build/default/production/FREERTOSFILES/queue.o (__udivmodhi4)
c:/program files/microchip/xc8/v2.32/avr/bin/../lib/gcc/avr/5.4.0/avr5/memx-const\libgcc.a(_exit.o)
                              C:/Program Files/Microchip/MPLABX/v5.50/packs/Microchip/ATmega_DFP/2.3.126/xc8/avr/lib/avr5/memx-const/crtatmega32a.o (exit)
c:/program files/microchip/xc8/v2.32/avr/bin/../lib/gcc/avr/5.4.0/avr5/memx-const\libgcc.a(_copy_data.o)
                              build/default/production/application.o (__do_copy_data)
c:/program files/microchip/xc8/v2.32/avr/bin/../lib/gcc/avr/5.4.0/avr5/memx-const\libgcc.a(_xload_2.o)
                              build/default/production/FREERTOSFILES/croutine.o (__xload_2)
c:/program files/microchip/xc8/v2.32/avr/bin/../lib/gcc/avr/5.4.0/../../../../avr/lib/avr5/memx-const\libc.a(memcpy_M.o)
                              build/default/production/FREERTOSFILES/queue.o (memcpy)
c:/program files/microchip/xc8/v2.32/avr/bin/../lib/gcc/avr/5.4.0/../../../../avr/lib/avr5/memx-const\libc.a(itoa_ncheck.o)
                              build/default/production/drivers/mLCD_4bits.o (__itoa_ncheck)
c:/program files/microchip/xc8/v2.32/avr/bin/../lib/gcc/avr/5.4.0/../../../../avr/lib/avr5/memx-const\libc.a(utoa_ncheck.o)
                              c:/program files/microchip/xc8/v2.32/avr/bin/../lib/gcc/avr/5.4.0/../../../../avr/lib/avr5/memx-const\libc.a(itoa_ncheck.o) (__utoa_common)
[...]
Memory Configuration

Name             Origin             Length             Attributes
text             0x0000000000000000 0x0000000000008000 xr
data             0x0000000000800060 0x0000000000000800 rw !x
eeprom           0x0000000000810000 0x0000000000000400 rw !x
fuse             0x0000000000820000 0x0000000000000002 rw !x
lock             0x0000000000830000 0x0000000000000400 rw !x
signature        0x0000000000840000 0x0000000000000400 rw !x
user_signatures  0x0000000000850000 0x0000000000000400 rw !x
*default*        0x0000000000000000 0xffffffffffffffff

Linker script and memory map

LOAD C:/Program Files/Microchip/MPLABX/v5.50/packs/Microchip/ATmega_DFP/2.3.126/xc8/avr/lib/avr5/memx-const/crtatmega32a.o
                0x0000000000000001                __MPLAB_BUILD = 0x1
LOAD build/default/production/application.o
LOAD build/default/production/FREERTOSFILES/croutine.o
LOAD build/default/production/FREERTOSFILES/event_groups.o
LOAD build/default/production/FREERTOSFILES/heap_4.o
LOAD build/default/production/FREERTOSFILES/list.o
LOAD build/default/production/FREERTOSFILES/port.o
LOAD build/default/production/FREERTOSFILES/queue.o
LOAD build/default/production/FREERTOSFILES/stream_buffer.o
LOAD build/default/production/FREERTOSFILES/tasks.o
LOAD build/default/production/FREERTOSFILES/timers.o
LOAD build/default/production/drivers/m24C32.o
LOAD build/default/production/drivers/mADC.o
LOAD build/default/production/drivers/mDIO.o
LOAD build/default/production/drivers/mExternalINT.o
LOAD build/default/production/drivers/mKIT.o
LOAD build/default/production/drivers/mKeypad.o
LOAD build/default/production/drivers/mLCD_4bits.o
LOAD build/default/production/drivers/mLCD_8bits.o
LOAD build/default/production/drivers/mSPI.o
LOAD build/default/production/drivers/mTWI.o
LOAD build/default/production/drivers/mTimer0.o
LOAD build/default/production/drivers/mUART.o
START GROUP
LOAD c:/program files/microchip/xc8/v2.32/avr/bin/../lib/gcc/avr/5.4.0/../../../../avr/lib/avr5/memx-const\libm.a
END GROUP
START GROUP
LOAD c:/program files/microchip/xc8/v2.32/avr/bin/../lib/gcc/avr/5.4.0/avr5/memx-const\libgcc.a
LOAD c:/program files/microchip/xc8/v2.32/avr/bin/../lib/gcc/avr/5.4.0/../../../../avr/lib/avr5/memx-const\libm.a
LOAD c:/program files/microchip/xc8/v2.32/avr/bin/../lib/gcc/avr/5.4.0/../../../../avr/lib/avr5/memx-const\libc.a
LOAD C:/Program Files/Microchip/MPLABX/v5.50/packs/Microchip/ATmega_DFP/2.3.126/xc8/avr/lib/avr5/memx-const\libatmega32a.a
END GROUP
                [0x0000000000000000]                __TEXT_REGION_ORIGIN__ = DEFINED (__TEXT_REGION_ORIGIN__)?__TEXT_REGION_ORIGIN__:0x0
                [0x0000000000800060]                __DATA_REGION_ORIGIN__ = DEFINED (__DATA_REGION_ORIGIN__)?__DATA_REGION_ORIGIN__:0x800060
                [0x0000000000008000]                __TEXT_REGION_LENGTH__ = DEFINED (__TEXT_REGION_LENGTH__)?__TEXT_REGION_LENGTH__:0x20000
                [0x0000000000000800]                __DATA_REGION_LENGTH__ = DEFINED (__DATA_REGION_LENGTH__)?__DATA_REGION_LENGTH__:0xffa0
                [0x0000000000000400]                __EEPROM_REGION_LENGTH__ = DEFINED (__EEPROM_REGION_LENGTH__)?__EEPROM_REGION_LENGTH__:0x10000
                [0x0000000000000002]                __FUSE_REGION_LENGTH__ = DEFINED (__FUSE_REGION_LENGTH__)?__FUSE_REGION_LENGTH__:0x400
                0x0000000000000400                __LOCK_REGION_LENGTH__ = DEFINED (__LOCK_REGION_LENGTH__)?__LOCK_REGION_LENGTH__:0x400
                0x0000000000000400                __SIGNATURE_REGION_LENGTH__ = DEFINED (__SIGNATURE_REGION_LENGTH__)?__SIGNATURE_REGION_LENGTH__:0x400
                0x0000000000000400                __USER_SIGNATURE_REGION_LENGTH__ = DEFINED (__USER_SIGNATURE_REGION_LENGTH__)?__USER_SIGNATURE_REGION_LENGTH__:0x400

.hash
 *(.hash)

.dynsym
 *(.dynsym)

.dynstr
 *(.dynstr)

.gnu.version
 *(.gnu.version)

.gnu.version_d
 *(.gnu.version_d)

.gnu.version_r
 *(.gnu.version_r)

.rel.init
 *(.rel.init)

.rela.init
 *(.rela.init)

.rel.text
 *(.rel.text)
 *(.rel.text.*)
 *(.rel.gnu.linkonce.t*)

.rela.text
 *(.rela.text)
 *(.rela.text.*)
 *(.rela.gnu.linkonce.t*)

.rel.fini
 *(.rel.fini)

.rela.fini
 *(.rela.fini)

.rel.rodata
 *(.rel.rodata)
 *(.rel.rodata.*)
 *(.rel.gnu.linkonce.r*)

.rela.rodata
 *(.rela.rodata)
 *(.rela.rodata.*)
 *(.rela.gnu.linkonce.r*)

.rel.data
 *(.rel.data)
 *(.rel.data.*)
 *(.rel.gnu.linkonce.d*)

.rela.data
 *(.rela.data)
 *(.rela.data.*)
 *(.rela.gnu.linkonce.d*)

.rel.ctors
 *(.rel.ctors)

.rela.ctors
 *(.rela.ctors)

.rel.dtors
 *(.rel.dtors)

.rela.dtors
 *(.rela.dtors)

.rel.got
 *(.rel.got)

.rela.got
 *(.rela.got)

.rel.bss
 *(.rel.bss)

.rela.bss
 *(.rela.bss)

.rel.plt
 *(.rel.plt)

.rela.plt
 *(.rela.plt)

.text           0x0000000000000000       0xc6
 *(.vectors)
 .vectors       0x0000000000000000       0x54 C:/Program Files/Microchip/MPLABX/v5.50/packs/Microchip/ATmega_DFP/2.3.126/xc8/avr/lib/avr5/memx-const/crtatmega32a.o
                0x0000000000000000                __vector_default
                0x0000000000000000                __vectors
 *(.vectors)
 *(.progmem.gcc*)
 *(.dinit)
 .dinit         0x0000000000000054       0x1d data_init
                0x0000000000000072                . = ALIGN (0x2)
 *fill*         0x0000000000000071        0x1 
                0x0000000000000072                __trampolines_start = .
 *(.trampolines)
 .trampolines   0x0000000000000072        0x0 linker stubs
 *(.trampolines*)
                0x0000000000000072                __trampolines_end = .
 *libprintf_flt.a:*(.progmem.data)
 *libc.a:*(.progmem.data)
                0x0000000000000072                . = ALIGN (0x2)
 *(.jumptables)
 *(.jumptables*)
 *(.lowtext)
 *(.lowtext*)
                0x0000000000000072                __ctors_start = .
 *(.ctors)
                0x0000000000000072                __ctors_end = .
                0x0000000000000072                __dtors_start = .
 *(.dtors)
                0x0000000000000072                __dtors_end = .
 SORT(*)(.ctors)
 SORT(*)(.dtors)
 *(.init0)
 .init0         0x0000000000000072        0x0 C:/Program Files/Microchip/MPLABX/v5.50/packs/Microchip/ATmega_DFP/2.3.126/xc8/avr/lib/avr5/memx-const/crtatmega32a.o
                0x0000000000000072                __init
 *(.init0)
 *(.init1)
 *(.init1)
 *(.init2)
 .init2         0x0000000000000072        0xc C:/Program Files/Microchip/MPLABX/v5.50/packs/Microchip/ATmega_DFP/2.3.126/xc8/avr/lib/avr5/memx-const/crtatmega32a.o
 *(.init2)
 *(.init3)
 *(.init3)
 *(.init4)
 .init4         0x000000000000007e       0x3c c:/program files/microchip/xc8/v2.32/avr/bin/../lib/gcc/avr/5.4.0/avr5/memx-const\libgcc.a(_copy_data.o)
                0x000000000000007e                __do_copy_data
                0x00000000000000ac                __do_clear_bss
 *(.init4)
 *(.init5)
 *(.init5)
 *(.init6)
 *(.init6)
 *(.init7)
 *(.init7)
 *(.init8)
 *(.init8)
 *(.init9)
 .init9         0x00000000000000ba        0x8 C:/Program Files/Microchip/MPLABX/v5.50/packs/Microchip/ATmega_DFP/2.3.126/xc8/avr/lib/avr5/memx-const/crtatmega32a.o
 *(.init9)
                0x00000000000000c2                . = ALIGN (0x2)
 *(.fini9)
 .fini9         0x00000000000000c2        0x0 c:/program files/microchip/xc8/v2.32/avr/bin/../lib/gcc/avr/5.4.0/avr5/memx-const\libgcc.a(_exit.o)
                0x00000000000000c2                _exit
                0x00000000000000c2                exit
 *(.fini9)
 *(.fini8)
 *(.fini8)
 *(.fini7)
 *(.fini7)
 *(.fini6)
 *(.fini6)
 *(.fini5)
 *(.fini5)
 *(.fini4)
 *(.fini4)
 *(.fini3)
 *(.fini3)
 *(.fini2)
 *(.fini2)
 *(.fini1)
 *(.fini1)
 *(.fini0)
 .fini0         0x00000000000000c2        0x4 c:/program files/microchip/xc8/v2.32/avr/bin/../lib/gcc/avr/5.4.0/avr5/memx-const\libgcc.a(_exit.o)
 *(.fini0)
                0x00000000000000c6                _etext = .

.data           0x0000000000800060        0x0 load address 0x00000000000000c6
                [!provide]                        PROVIDE (__data_start, .)
 *(.gnu.linkonce.d*)
 *(.gnu.linkonce.r*)
                0x0000000000800060                . = ALIGN (0x2)
                0x0000000000800060                _edata = .
                [!provide]                        PROVIDE (__data_end, .)

.bss            0x0000000000800060       0x12
                [!provide]                        PROVIDE (__bss_start, .)
 *(COMMON)
 COMMON         0x0000000000800060       0x12 build/default/production/application.o
                0x0000000000800060                pData1
                0x0000000000800062                data1
                0x0000000000800066                data2
                0x000000000080006a                Q_handler
                0x000000000080006c                handler1
                0x000000000080006e                pData2
                0x0000000000800070                handler2
                [!provide]                        PROVIDE (__bss_end, .)
                0x00000000000000c6                __data_load_start = LOADADDR (.data)
                0x00000000000000c6                __data_load_end = (__data_load_start + SIZEOF (.data))

.noinit         0x0000000000800072        0x0
                [!provide]                        PROVIDE (__noinit_start, .)
 *(.noinit*)
                [!provide]                        PROVIDE (__noinit_end, .)
                0x0000000000800072                _end = .

.eeprom         0x0000000000810000        0x0
 *(.eeprom*)
                0x0000000000810000                __eeprom_end = .

.fuse
 *(.fuse)
 *(.lfuse)
 *(.hfuse)
 *(.efuse)

.lock
 *(.lock*)

.signature
 *(.signature*)

.user_signatures
 *(.user_signatures*)

.stab
 *(.stab)

.stabstr
 *(.stabstr)

.stab.excl
 *(.stab.excl)

.stab.exclstr
 *(.stab.exclstr)

.stab.index
 *(.stab.index)

.stab.indexstr
 *(.stab.indexstr)

.comment        0x0000000000000000       0x5b
 *(.comment)
 .comment       0x0000000000000000       0x2f build/default/production/application.o
                                         0x30 (size before relaxing)
 .comment       0x000000000000002f       0x30 build/default/production/FREERTOSFILES/heap_4.o
 .comment       0x000000000000002f       0x30 build/default/production/FREERTOSFILES/list.o
 .comment       0x000000000000002f       0x30 build/default/production/FREERTOSFILES/port.o
 .comment       0x000000000000002f       0x30 build/default/production/FREERTOSFILES/queue.o
 .comment       0x000000000000002f       0x30 build/default/production/FREERTOSFILES/tasks.o
 .comment       0x000000000000002f       0x30 build/default/production/drivers/mUART.o
 .comment       0x000000000000002f       0x2c c:/program files/microchip/xc8/v2.32/avr/bin/../lib/gcc/avr/5.4.0/../../../../avr/lib/avr5/memx-const\libc.a(memcpy_M.o)
                                         0x2d (size before relaxing)

.stack.descriptors.hdr
                0x0000000000000000      0x118
 .stack.descriptors.hdr
                0x0000000000000000        0xe c:/program files/microchip/xc8/v2.32/avr/bin/../lib/gcc/avr/5.4.0/../../../../avr/lib/avr5/memx-const\libm.a(addsf3.o)
 .stack.descriptors.hdr
                0x000000000000000e        0xe c:/program files/microchip/xc8/v2.32/avr/bin/../lib/gcc/avr/5.4.0/../../../../avr/lib/avr5/memx-const\libm.a(addsf3x.o)
 .stack.descriptors.hdr
                0x000000000000001c        0xe c:/program files/microchip/xc8/v2.32/avr/bin/../lib/gcc/avr/5.4.0/../../../../avr/lib/avr5/memx-const\libm.a(divsf3.o)
 .stack.descriptors.hdr
                0x000000000000002a        0xe c:/program files/microchip/xc8/v2.32/avr/bin/../lib/gcc/avr/5.4.0/../../../../avr/lib/avr5/memx-const\libm.a(divsf3x.o)
 .stack.descriptors.hdr
                0x0000000000000038        0xe c:/program files/microchip/xc8/v2.32/avr/bin/../lib/gcc/avr/5.4.0/../../../../avr/lib/avr5/memx-const\libm.a(fixunssfsi.o)
 .stack.descriptors.hdr
                0x0000000000000046        0xe c:/program files/microchip/xc8/v2.32/avr/bin/../lib/gcc/avr/5.4.0/../../../../avr/lib/avr5/memx-const\libm.a(floatsisf.o)
 .stack.descriptors.hdr
                0x0000000000000054        0xe c:/program files/microchip/xc8/v2.32/avr/bin/../lib/gcc/avr/5.4.0/../../../../avr/lib/avr5/memx-const\libm.a(fp_inf.o)
 .stack.descriptors.hdr
                0x0000000000000062        0xe c:/program files/microchip/xc8/v2.32/avr/bin/../lib/gcc/avr/5.4.0/../../../../avr/lib/avr5/memx-const\libm.a(fp_nan.o)
 .stack.descriptors.hdr
                0x0000000000000070        0xe c:/program files/microchip/xc8/v2.32/avr/bin/../lib/gcc/avr/5.4.0/../../../../avr/lib/avr5/memx-const\libm.a(fp_pscA.o)
 .stack.descriptors.hdr
                0x000000000000007e        0xe c:/program files/microchip/xc8/v2.32/avr/bin/../lib/gcc/avr/5.4.0/../../../../avr/lib/avr5/memx-const\libm.a(fp_pscB.o)
 .stack.descriptors.hdr
                0x000000000000008c        0xe c:/program files/microchip/xc8/v2.32/avr/bin/../lib/gcc/avr/5.4.0/../../../../avr/lib/avr5/memx-const\libm.a(fp_round.o)
 .stack.descriptors.hdr
                0x000000000000009a        0xe c:/program files/microchip/xc8/v2.32/avr/bin/../lib/gcc/avr/5.4.0/../../../../avr/lib/avr5/memx-const\libm.a(fp_split3.o)
 .stack.descriptors.hdr
                0x00000000000000a8        0xe c:/program files/microchip/xc8/v2.32/avr/bin/../lib/gcc/avr/5.4.0/../../../../avr/lib/avr5/memx-const\libm.a(fp_zero.o)
 .stack.descriptors.hdr
                0x00000000000000b6        0xe c:/program files/microchip/xc8/v2.32/avr/bin/../lib/gcc/avr/5.4.0/avr5/memx-const\libgcc.a(_udivmodhi4.o)
 .stack.descriptors.hdr
                0x00000000000000c4        0xe c:/program files/microchip/xc8/v2.32/avr/bin/../lib/gcc/avr/5.4.0/avr5/memx-const\libgcc.a(_exit.o)
 .stack.descriptors.hdr
                0x00000000000000d2        0xe c:/program files/microchip/xc8/v2.32/avr/bin/../lib/gcc/avr/5.4.0/avr5/memx-const\libgcc.a(_xload_2.o)
 .stack.descriptors.hdr
                0x00000000000000e0        0xe c:/program files/microchip/xc8/v2.32/avr/bin/../lib/gcc/avr/5.4.0/../../../../avr/lib/avr5/memx-const\libc.a(memcpy_M.o)
 .stack.descriptors.hdr
                0x00000000000000ee        0xe c:/program files/microchip/xc8/v2.32/avr/bin/../lib/gcc/avr/5.4.0/../../../../avr/lib/avr5/memx-const\libc.a(itoa_ncheck.o)
 .stack.descriptors.hdr
                0x00000000000000fc        0xe c:/program files/microchip/xc8/v2.32/avr/bin/../lib/gcc/avr/5.4.0/../../../../avr/lib/avr5/memx-const\libc.a(utoa_ncheck.o)
 .stack.descriptors.hdr
                0x000000000000010a        0xe c:/program files/microchip/xc8/v2.32/avr/bin/../lib/gcc/avr/5.4.0/../../../../avr/lib/avr5/memx-const\libc.a(strrev.o)

.note.gnu.build-id
 *(.note.gnu.build-id)

.debug
 *(.debug)

.line
 *(.line)

.debug_srcinfo
 *(.debug_srcinfo)

.debug_sfnames
 *(.debug_sfnames)

.debug_aranges  0x0000000000000000      0x348
 *(.debug_aranges)
 .debug_aranges
                0x0000000000000000       0x30 build/default/production/application.o
 .debug_aranges
                0x0000000000000030       0x50 build/default/production/FREERTOSFILES/heap_4.o
 .debug_aranges
                0x0000000000000080       0x40 build/default/production/FREERTOSFILES/list.o
 .debug_aranges
                0x00000000000000c0       0x48 build/default/production/FREERTOSFILES/port.o
 .debug_aranges
                0x0000000000000108       0xd8 build/default/production/FREERTOSFILES/queue.o
 .debug_aranges
                0x00000000000001e0      0x128 build/default/production/FREERTOSFILES/tasks.o
 .debug_aranges
                0x0000000000000308       0x40 build/default/production/drivers/mUART.o

.debug_pubnames
 *(.debug_pubnames)

.debug_info     0x0000000000000000     0x60ff
 *(.debug_info .gnu.linkonce.wi.*)
 .debug_info    0x0000000000000000      0x4e6 C:/Program Files/Microchip/MPLABX/v5.50/packs/Microchip/ATmega_DFP/2.3.126/xc8/avr/lib/avr5/memx-const/crtatmega32a.o
 .debug_info    0x00000000000004e6      0x78d build/default/production/application.o
 .debug_info    0x0000000000000c73      0x848 build/default/production/FREERTOSFILES/heap_4.o
 .debug_info    0x00000000000014bb      0x544 build/default/production/FREERTOSFILES/list.o
 .debug_info    0x00000000000019ff      0x4e2 build/default/production/FREERTOSFILES/port.o
 .debug_info    0x0000000000001ee1     0x1bb8 build/default/production/FREERTOSFILES/queue.o
 .debug_info    0x0000000000003a99     0x21f2 build/default/production/FREERTOSFILES/tasks.o
 .debug_info    0x0000000000005c8b      0x474 build/default/production/drivers/mUART.o

.debug_abbrev   0x0000000000000000     0x1189
 *(.debug_abbrev)
 .debug_abbrev  0x0000000000000000      0x4a3 C:/Program Files/Microchip/MPLABX/v5.50/packs/Microchip/ATmega_DFP/2.3.126/xc8/avr/lib/avr5/memx-const/crtatmega32a.o
 .debug_abbrev  0x00000000000004a3      0x140 build/default/production/application.o
 .debug_abbrev  0x00000000000005e3      0x1eb build/default/production/FREERTOSFILES/heap_4.o
 .debug_abbrev  0x00000000000007ce      0x116 build/default/production/FREERTOSFILES/list.o
 .debug_abbrev  0x00000000000008e4      0x14a build/default/production/FREERTOSFILES/port.o
 .debug_abbrev  0x0000000000000a2e      0x2a2 build/default/production/FREERTOSFILES/queue.o
 .debug_abbrev  0x0000000000000cd0      0x336 build/default/production/FREERTOSFILES/tasks.o
 .debug_abbrev  0x0000000000001006      0x183 build/default/production/drivers/mUART.o

.debug_line     0x0000000000000000     0x2601
 *(.debug_line .debug_line.* .debug_line_end)
 .debug_line    0x0000000000000000      0x119 C:/Program Files/Microchip/MPLABX/v5.50/packs/Microchip/ATmega_DFP/2.3.126/xc8/avr/lib/avr5/memx-const/crtatmega32a.o
 .debug_line    0x0000000000000119      0x17e build/default/production/application.o
 .debug_line    0x0000000000000297      0x38a build/default/production/FREERTOSFILES/heap_4.o
 .debug_line    0x0000000000000621      0x1b8 build/default/production/FREERTOSFILES/list.o
 .debug_line    0x00000000000007d9      0x270 build/default/production/FREERTOSFILES/port.o
 .debug_line    0x0000000000000a49      0xc2d build/default/production/FREERTOSFILES/queue.o
 .debug_line    0x0000000000001676      0xe51 build/default/production/FREERTOSFILES/tasks.o
 .debug_line    0x00000000000024c7      0x13a build/default/production/drivers/mUART.o

.debug_frame    0x0000000000000000      0xaf8
 *(.debug_frame)
 .debug_frame   0x0000000000000000       0x64 build/default/production/application.o
 .debug_frame   0x0000000000000064       0xec build/default/production/FREERTOSFILES/heap_4.o
 .debug_frame   0x0000000000000150       0x88 build/default/production/FREERTOSFILES/list.o
 .debug_frame   0x00000000000001d8       0x74 build/default/production/FREERTOSFILES/port.o
 .debug_frame   0x000000000000024c      0x3dc build/default/production/FREERTOSFILES/queue.o
 .debug_frame   0x0000000000000628      0x450 build/default/production/FREERTOSFILES/tasks.o
 .debug_frame   0x0000000000000a78       0x80 build/default/production/drivers/mUART.o

.debug_str      0x0000000000000000      0x73d
 *(.debug_str)
 .debug_str     0x0000000000000000      0x196 C:/Program Files/Microchip/MPLABX/v5.50/packs/Microchip/ATmega_DFP/2.3.126/xc8/avr/lib/avr5/memx-const/crtatmega32a.o
 .debug_str     0x0000000000000196       0x83 build/default/production/application.o
 .debug_str     0x0000000000000219       0x76 build/default/production/FREERTOSFILES/heap_4.o
 .debug_str     0x000000000000028f       0x2b build/default/production/FREERTOSFILES/list.o
 .debug_str     0x00000000000002ba       0x26 build/default/production/FREERTOSFILES/port.o
 .debug_str     0x00000000000002e0      0x225 build/default/production/FREERTOSFILES/queue.o
 .debug_str     0x0000000000000505      0x22a build/default/production/FREERTOSFILES/tasks.o
 .debug_str     0x000000000000072f        0xe build/default/production/drivers/mUART.o

.debug_loc      0x0000000000000000     0x39b7
 *(.debug_loc)
 .debug_loc     0x0000000000000000       0x7b build/default/production/application.o
 .debug_loc     0x000000000000007b      0x3dc build/default/production/FREERTOSFILES/heap_4.o
 .debug_loc     0x0000000000000457       0xb8 build/default/production/FREERTOSFILES/list.o
 .debug_loc     0x000000000000050f      0x2a0 build/default/production/FREERTOSFILES/port.o
 .debug_loc     0x00000000000007af     0x1b13 build/default/production/FREERTOSFILES/queue.o
 .debug_loc     0x00000000000022c2     0x15cb build/default/production/FREERTOSFILES/tasks.o
 .debug_loc     0x000000000000388d      0x12a build/default/production/drivers/mUART.o

.debug_macinfo
 *(.debug_macinfo)

.debug_weaknames
 *(.debug_weaknames)

.debug_funcnames
 *(.debug_funcnames)

.debug_typenames
 *(.debug_typenames)

.debug_varnames
 *(.debug_varnames)

.debug_pubtypes
 *(.debug_pubtypes)

.debug_ranges   0x0000000000000000      0x400
 *(.debug_ranges)
 .debug_ranges  0x0000000000000000       0x20 build/default/production/application.o
 .debug_ranges  0x0000000000000020       0x40 build/default/production/FREERTOSFILES/heap_4.o
 .debug_ranges  0x0000000000000060       0x30 build/default/production/FREERTOSFILES/list.o
 .debug_ranges  0x0000000000000090       0x38 build/default/production/FREERTOSFILES/port.o
 .debug_ranges  0x00000000000000c8      0x170 build/default/production/FREERTOSFILES/queue.o
 .debug_ranges  0x0000000000000238      0x198 build/default/production/FREERTOSFILES/tasks.o
 .debug_ranges  0x00000000000003d0       0x30 build/default/production/drivers/mUART.o

.debug_macro
 *(.debug_macro)
OUTPUT(dist/default/production/ALEX25_FREERTOS.X.production.elf elf32-avr)
LOAD linker stubs
LOAD data_init

.note.gnu.avr.deviceinfo
                0x0000000000000000       0x3c
 .note.gnu.avr.deviceinfo
                0x0000000000000000       0x3c C:/Program Files/Microchip/MPLABX/v5.50/packs/Microchip/ATmega_DFP/2.3.126/xc8/avr/lib/avr5/memx-const/crtatmega32a.o

.bss.xBlockAllocatedBit
                0x00000000008006da        0x2
 .bss.xBlockAllocatedBit
                0x00000000008006da        0x2 build/default/production/FREERTOSFILES/heap_4.o

.bss.xNumberOfSuccessfulFrees
                0x00000000008006dc        0x2
 .bss.xNumberOfSuccessfulFrees
                0x00000000008006dc        0x2 build/default/production/FREERTOSFILES/heap_4.o

.bss.xNumberOfSuccessfulAllocations
                0x00000000008006de        0x2
 .bss.xNumberOfSuccessfulAllocations
                0x00000000008006de        0x2 build/default/production/FREERTOSFILES/heap_4.o

.bss.xMinimumEverFreeBytesRemaining
                0x00000000008006e0        0x2
 .bss.xMinimumEverFreeBytesRemaining
                0x00000000008006e0        0x2 build/default/production/FREERTOSFILES/heap_4.o

.bss.xFreeBytesRemaining
                0x00000000008006e2        0x2
 .bss.xFreeBytesRemaining
                0x00000000008006e2        0x2 build/default/production/FREERTOSFILES/heap_4.o

.bss.pxEnd      0x00000000008006e4        0x2
 .bss.pxEnd     0x00000000008006e4        0x2 build/default/production/FREERTOSFILES/heap_4.o

.bss.xStart     0x00000000008006d6        0x4
 .bss.xStart    0x00000000008006d6        0x4 build/default/production/FREERTOSFILES/heap_4.o

.bss.ucHeap     0x0000000000800072      0x5dc
 .bss.ucHeap    0x0000000000800072      0x5dc build/default/production/FREERTOSFILES/heap_4.o

.bss.uxSchedulerSuspended
                0x00000000008006f4        0x1
 .bss.uxSchedulerSuspended
                0x00000000008006f4        0x1 build/default/production/FREERTOSFILES/tasks.o

.bss.xIdleTaskHandle
                0x00000000008006e6        0x2
 .bss.xIdleTaskHandle
                0x00000000008006e6        0x2 build/default/production/FREERTOSFILES/tasks.o

.bss.xNextTaskUnblockTime
                0x00000000008006e8        0x2
 .bss.xNextTaskUnblockTime
                0x00000000008006e8        0x2 build/default/production/FREERTOSFILES/tasks.o

.bss.uxTaskNumber
                0x00000000008006f5        0x1
 .bss.uxTaskNumber
                0x00000000008006f5        0x1 build/default/production/FREERTOSFILES/tasks.o

.bss.xNumOfOverflows
                0x00000000008006f6        0x1
 .bss.xNumOfOverflows
                0x00000000008006f6        0x1 build/default/production/FREERTOSFILES/tasks.o

.bss.xYieldPending
                0x00000000008006f7        0x1
 .bss.xYieldPending
                0x00000000008006f7        0x1 build/default/production/FREERTOSFILES/tasks.o

.bss.xPendedTicks
                0x00000000008006ea        0x2
 .bss.xPendedTicks
                0x00000000008006ea        0x2 build/default/production/FREERTOSFILES/tasks.o

.bss.xSchedulerRunning
                0x00000000008006f8        0x1
 .bss.xSchedulerRunning
                0x00000000008006f8        0x1 build/default/production/FREERTOSFILES/tasks.o

.bss.uxTopReadyPriority
                0x00000000008006f9        0x1
 .bss.uxTopReadyPriority
                0x00000000008006f9        0x1 build/default/production/FREERTOSFILES/tasks.o

.bss.xTickCount
                0x00000000008006ec        0x2
 .bss.xTickCount
                0x00000000008006ec        0x2 build/default/production/FREERTOSFILES/tasks.o

.bss.uxCurrentNumberOfTasks
                0x00000000008006fa        0x1
 .bss.uxCurrentNumberOfTasks
                0x00000000008006fa        0x1 build/default/production/FREERTOSFILES/tasks.o

.bss.uxDeletedTasksWaitingCleanUp
                0x00000000008006fb        0x1
 .bss.uxDeletedTasksWaitingCleanUp
                0x00000000008006fb        0x1 build/default/production/FREERTOSFILES/tasks.o

.bss.xTasksWaitingTermination
                0x00000000008006ae        0x9
 .bss.xTasksWaitingTermination
                0x00000000008006ae        0x9 build/default/production/FREERTOSFILES/tasks.o

.bss.xPendingReadyList
                0x00000000008006b7        0x9
 .bss.xPendingReadyList
                0x00000000008006b7        0x9 build/default/production/FREERTOSFILES/tasks.o

.bss.pxOverflowDelayedTaskList
                0x00000000008006ee        0x2
 .bss.pxOverflowDelayedTaskList
                0x00000000008006ee        0x2 build/default/production/FREERTOSFILES/tasks.o

.bss.pxDelayedTaskList
                0x00000000008006f0        0x2
 .bss.pxDelayedTaskList
                0x00000000008006f0        0x2 build/default/production/FREERTOSFILES/tasks.o

.bss.xDelayedTaskList2
                0x00000000008006c0        0x9
 .bss.xDelayedTaskList2
                0x00000000008006c0        0x9 build/default/production/FREERTOSFILES/tasks.o

.bss.xDelayedTaskList1
                0x00000000008006c9        0x9
 .bss.xDelayedTaskList1
                0x00000000008006c9        0x9 build/default/production/FREERTOSFILES/tasks.o

.bss.pxReadyTasksLists
                0x000000000080064e       0x24
 .bss.pxReadyTasksLists
                0x000000000080064e       0x24 build/default/production/FREERTOSFILES/tasks.o

.bss.pxCurrentTCB
                0x00000000008006f2        0x2
 .bss.pxCurrentTCB
                0x00000000008006f2        0x2 build/default/production/FREERTOSFILES/tasks.o
                0x00000000008006f2                pxCurrentTCB

.progmemx.data  0x00000000000000c6       0x1e
 .progmemx.data
                0x00000000000000c6       0x1e build/default/production/application.o

.progmemx.data  0x00000000000000e4        0x6
 .progmemx.data
                0x00000000000000e4        0x6 build/default/production/FREERTOSFILES/tasks.o
                0x00000000000000e9                uxTopUsedPriority

.text.xTaskCreate
                0x00000000000000ea      0x294
 .text.xTaskCreate
                0x00000000000000ea      0x294 build/default/production/FREERTOSFILES/tasks.o
                0x00000000000000ea                xTaskCreate

.text.xTaskIncrementTick
                0x000000000000037e      0x23e
 .text.xTaskIncrementTick
                0x000000000000037e      0x23e build/default/production/FREERTOSFILES/tasks.o
                0x000000000000037e                xTaskIncrementTick

.text.xTaskResumeAll
                0x00000000000005bc      0x1bc
 .text.xTaskResumeAll
                0x00000000000005bc      0x1bc build/default/production/FREERTOSFILES/tasks.o
                0x00000000000005bc                xTaskResumeAll

.text.pvPortMalloc
                0x0000000000000778      0x19a
 .text.pvPortMalloc
                0x0000000000000778      0x19a build/default/production/FREERTOSFILES/heap_4.o
                0x0000000000000778                pvPortMalloc

.text.xQueueGenericSend
                0x0000000000000912      0x188
 .text.xQueueGenericSend
                0x0000000000000912      0x188 build/default/production/FREERTOSFILES/queue.o
                0x0000000000000912                xQueueGenericSend

.text.xTaskRemoveFromEventList
                0x0000000000000a9a      0x186
 .text.xTaskRemoveFromEventList
                0x0000000000000a9a      0x186 build/default/production/FREERTOSFILES/tasks.o
                0x0000000000000a9a                xTaskRemoveFromEventList

.text.xQueueReceive
                0x0000000000000c20      0x14c
 .text.xQueueReceive
                0x0000000000000c20      0x14c build/default/production/FREERTOSFILES/queue.o
                0x0000000000000c20                xQueueReceive

.text.avrlibc.fplib
                0x0000000000000d6c       0xde
 .text.avrlibc.fplib
                0x0000000000000d6c       0xde c:/program files/microchip/xc8/v2.32/avr/bin/../lib/gcc/avr/5.4.0/../../../../avr/lib/avr5/memx-const\libm.a(divsf3x.o)
                0x0000000000000d6c                __divsf3x
                0x0000000000000d94                __divsf3_pse

.text.pxPortInitialiseStack
                0x0000000000000e4a       0xd8
 .text.pxPortInitialiseStack
                0x0000000000000e4a       0xd8 build/default/production/FREERTOSFILES/port.o
                0x0000000000000e4a                pxPortInitialiseStack

.text.avrlibc.fplib
                0x0000000000000f22       0xce
 .text.avrlibc.fplib
                0x0000000000000f22       0xce c:/program files/microchip/xc8/v2.32/avr/bin/../lib/gcc/avr/5.4.0/../../../../avr/lib/avr5/memx-const\libm.a(addsf3x.o)
                0x0000000000000f22                __addsf3x

.text.vTaskSwitchContext
                0x0000000000000ff0       0xcc
 .text.vTaskSwitchContext
                0x0000000000000ff0       0xcc build/default/production/FREERTOSFILES/tasks.o
                0x0000000000000ff0                vTaskSwitchContext

.text.xQueueGenericReset
                0x00000000000010bc       0xc8
 .text.xQueueGenericReset
                0x00000000000010bc       0xc8 build/default/production/FREERTOSFILES/queue.o
                0x00000000000010bc                xQueueGenericReset

.text.main      0x0000000000001184       0xc6
 .text.main     0x0000000000001184       0xc6 build/default/production/application.o
                0x0000000000001184                main

.text.vPortYieldFromTick
                0x000000000000124a       0xb8
 .text.vPortYieldFromTick
                0x000000000000124a       0xb8 build/default/production/FREERTOSFILES/port.o
                0x000000000000124a                vPortYieldFromTick

.text.vPortYield
                0x0000000000001302       0xb2
 .text.vPortYield
                0x0000000000001302       0xb2 build/default/production/FREERTOSFILES/port.o
                0x0000000000001302                vPortYield

.text.prvUnlockQueue
                0x00000000000013b4       0xaa
 .text.prvUnlockQueue
                0x00000000000013b4       0xaa build/default/production/FREERTOSFILES/queue.o

.text.prvInsertBlockIntoFreeList
                0x000000000000145e       0x9a
 .text.prvInsertBlockIntoFreeList
                0x000000000000145e       0x9a build/default/production/FREERTOSFILES/heap_4.o

.text.prvCopyDataToQueue
                0x00000000000014f8       0x92
 .text.prvCopyDataToQueue
                0x00000000000014f8       0x92 build/default/production/FREERTOSFILES/queue.o

.text.prvAddCurrentTaskToDelayedList
                0x000000000000158a       0x88
 .text.prvAddCurrentTaskToDelayedList
                0x000000000000158a       0x88 build/default/production/FREERTOSFILES/tasks.o

.text.xQueueGenericCreate
                0x0000000000001612       0x84
 .text.xQueueGenericCreate
                0x0000000000001612       0x84 build/default/production/FREERTOSFILES/queue.o
                0x0000000000001612                xQueueGenericCreate

.text.avrlibc.fplib
                0x0000000000001696       0x7a
 .text.avrlibc.fplib
                0x0000000000001696       0x7a c:/program files/microchip/xc8/v2.32/avr/bin/../lib/gcc/avr/5.4.0/../../../../avr/lib/avr5/memx-const\libm.a(floatsisf.o)
                0x0000000000001696                __floatunsisf
                0x000000000000169a                __floatsisf

.text.vPortFree
                0x0000000000001710       0x76
 .text.vPortFree
                0x0000000000001710       0x76 build/default/production/FREERTOSFILES/heap_4.o
                0x0000000000001710                vPortFree

.text.prvIdleTask
                0x0000000000001786       0x70
 .text.prvIdleTask
                0x0000000000001786       0x70 build/default/production/FREERTOSFILES/tasks.o

.text.receiverTask
                0x00000000000017f6       0x6c
 .text.receiverTask
                0x00000000000017f6       0x6c build/default/production/application.o
                0x00000000000017f6                receiverTask

.text.xPortStartScheduler
                0x0000000000001862       0x6a
 .text.xPortStartScheduler
                0x0000000000001862       0x6a build/default/production/FREERTOSFILES/port.o
                0x0000000000001862                xPortStartScheduler

.text.vListInsert
                0x00000000000018cc       0x62
 .text.vListInsert
                0x00000000000018cc       0x62 build/default/production/FREERTOSFILES/list.o
                0x00000000000018cc                vListInsert

.text.xTaskCheckForTimeOut
                0x000000000000192e       0x62
 .text.xTaskCheckForTimeOut
                0x000000000000192e       0x62 build/default/production/FREERTOSFILES/tasks.o
                0x000000000000192e                xTaskCheckForTimeOut

.text.vTaskStartScheduler
                0x0000000000001990       0x5e
 .text.vTaskStartScheduler
                0x0000000000001990       0x5e build/default/production/FREERTOSFILES/tasks.o
                0x0000000000001990                vTaskStartScheduler

.text.avrlibc.fplib
                0x00000000000019ee       0x5e
 .text.avrlibc.fplib
                0x00000000000019ee       0x5e c:/program files/microchip/xc8/v2.32/avr/bin/../lib/gcc/avr/5.4.0/../../../../avr/lib/avr5/memx-const\libm.a(fixunssfsi.o)
                0x00000000000019ee                __fixunssfsi

.text.uxListRemove
                0x0000000000001a4c       0x4e
 .text.uxListRemove
                0x0000000000001a4c       0x4e build/default/production/FREERTOSFILES/list.o
                0x0000000000001a4c                uxListRemove

.text.avrlibc.fplib
                0x0000000000001a9a       0x44
 .text.avrlibc.fplib
                0x0000000000001a9a       0x44 c:/program files/microchip/xc8/v2.32/avr/bin/../lib/gcc/avr/5.4.0/../../../../avr/lib/avr5/memx-const\libm.a(fp_split3.o)
                0x0000000000001a9a                __fp_split3
                0x0000000000001aaa                __fp_splitA

.text.senderTask
                0x0000000000001ade       0x3c
 .text.senderTask
                0x0000000000001ade       0x3c build/default/production/application.o
                0x0000000000001ade                senderTask

.text.UART_NUM  0x0000000000001b1a       0x3a
 .text.UART_NUM
                0x0000000000001b1a       0x3a build/default/production/drivers/mUART.o
                0x0000000000001b1a                UART_NUM

.text.prvResetNextTaskUnblockTime
                0x0000000000001b54       0x38
 .text.prvResetNextTaskUnblockTime
                0x0000000000001b54       0x38 build/default/production/FREERTOSFILES/tasks.o

.text.init_UART
                0x0000000000001b8c       0x38
 .text.init_UART
                0x0000000000001b8c       0x38 build/default/production/drivers/mUART.o
                0x0000000000001b8c                init_UART

.text.prvCopyDataFromQueue
                0x0000000000001bc4       0x36
 .text.prvCopyDataFromQueue
                0x0000000000001bc4       0x36 build/default/production/FREERTOSFILES/queue.o

.text.avrlibc   0x0000000000001bfa       0x34
 .text.avrlibc  0x0000000000001bfa       0x34 c:/program files/microchip/xc8/v2.32/avr/bin/../lib/gcc/avr/5.4.0/../../../../avr/lib/avr5/memx-const\libc.a(utoa_ncheck.o)
                0x0000000000001bfa                __utoa_ncheck
                0x0000000000001bfc                __utoa_common

.text.avrlibc   0x0000000000001c2e       0x32
 .text.avrlibc  0x0000000000001c2e       0x32 c:/program files/microchip/xc8/v2.32/avr/bin/../lib/gcc/avr/5.4.0/../../../../avr/lib/avr5/memx-const\libc.a(memcpy_M.o)
                0x0000000000001c2e                memcpy

.text.libgcc.div
                0x0000000000001c60       0x28
 .text.libgcc.div
                0x0000000000001c60       0x28 c:/program files/microchip/xc8/v2.32/avr/bin/../lib/gcc/avr/5.4.0/avr5/memx-const\libgcc.a(_udivmodhi4.o)
                0x0000000000001c60                __udivmodhi4

.text.vTaskPlaceOnEventList
                0x0000000000001c88       0x24
 .text.vTaskPlaceOnEventList
                0x0000000000001c88       0x24 build/default/production/FREERTOSFILES/tasks.o
                0x0000000000001c88                vTaskPlaceOnEventList

.text.prvIsQueueEmpty
                0x0000000000001cac       0x22
 .text.prvIsQueueEmpty
                0x0000000000001cac       0x22 build/default/production/FREERTOSFILES/queue.o

.text.avrlibc.fplib
                0x0000000000001cce       0x22
 .text.avrlibc.fplib
                0x0000000000001cce       0x22 c:/program files/microchip/xc8/v2.32/avr/bin/../lib/gcc/avr/5.4.0/../../../../avr/lib/avr5/memx-const\libm.a(fp_round.o)
                0x0000000000001cce                __fp_round

.text.avrlibc   0x0000000000001cf0       0x20
 .text.avrlibc  0x0000000000001cf0       0x20 c:/program files/microchip/xc8/v2.32/avr/bin/../lib/gcc/avr/5.4.0/../../../../avr/lib/avr5/memx-const\libc.a(strrev.o)
                0x0000000000001cf0                strrev

.text.UART_str  0x0000000000001d10       0x1e
 .text.UART_str
                0x0000000000001d10       0x1e build/default/production/drivers/mUART.o
                0x0000000000001d10                UART_str

.text.vListInitialise
                0x0000000000001d2e       0x1c
 .text.vListInitialise
                0x0000000000001d2e       0x1c build/default/production/FREERTOSFILES/list.o
                0x0000000000001d2e                vListInitialise

.text.vTaskInternalSetTimeOutState
                0x0000000000001d4a       0x16
 .text.vTaskInternalSetTimeOutState
                0x0000000000001d4a       0x16 build/default/production/FREERTOSFILES/tasks.o
                0x0000000000001d4a                vTaskInternalSetTimeOutState

.text.avrlibc   0x0000000000001d60       0x16
 .text.avrlibc  0x0000000000001d60       0x16 c:/program files/microchip/xc8/v2.32/avr/bin/../lib/gcc/avr/5.4.0/../../../../avr/lib/avr5/memx-const\libc.a(itoa_ncheck.o)
                0x0000000000001d60                __itoa_ncheck

.text.libgcc    0x0000000000001d76       0x10
 .text.libgcc   0x0000000000001d76       0x10 c:/program files/microchip/xc8/v2.32/avr/bin/../lib/gcc/avr/5.4.0/avr5/memx-const\libgcc.a(_xload_2.o)
                0x0000000000001d76                __xload_2

.text.avrlibc.fplib
                0x0000000000001d86        0xe
 .text.avrlibc.fplib
                0x0000000000001d86        0xe c:/program files/microchip/xc8/v2.32/avr/bin/../lib/gcc/avr/5.4.0/../../../../avr/lib/avr5/memx-const\libm.a(addsf3.o)
                0x0000000000001d86                __subsf3
                0x0000000000001d88                __addsf3

.text.avrlibc.fplib
                0x0000000000001d94        0xe
 .text.avrlibc.fplib
                0x0000000000001d94        0xe c:/program files/microchip/xc8/v2.32/avr/bin/../lib/gcc/avr/5.4.0/../../../../avr/lib/avr5/memx-const\libm.a(fp_pscA.o)
                0x0000000000001d94                __fp_pscA

.text.avrlibc.fplib
                0x0000000000001da2        0xe
 .text.avrlibc.fplib
                0x0000000000001da2        0xe c:/program files/microchip/xc8/v2.32/avr/bin/../lib/gcc/avr/5.4.0/../../../../avr/lib/avr5/memx-const\libm.a(fp_pscB.o)
                0x0000000000001da2                __fp_pscB

.text.avrlibc.fplib
                0x0000000000001db0        0xe
 .text.avrlibc.fplib
                0x0000000000001db0        0xe c:/program files/microchip/xc8/v2.32/avr/bin/../lib/gcc/avr/5.4.0/../../../../avr/lib/avr5/memx-const\libm.a(fp_zero.o)
                0x0000000000001db0                __fp_zero
                0x0000000000001db2                __fp_szero

.text.vTaskSuspendAll
                0x0000000000001dbe        0xc
 .text.vTaskSuspendAll
                0x0000000000001dbe        0xc build/default/production/FREERTOSFILES/tasks.o
                0x0000000000001dbe                vTaskSuspendAll

.text.avrlibc.fplib
                0x0000000000001dca        0xc
 .text.avrlibc.fplib
                0x0000000000001dca        0xc c:/program files/microchip/xc8/v2.32/avr/bin/../lib/gcc/avr/5.4.0/../../../../avr/lib/avr5/memx-const\libm.a(fp_inf.o)
                0x0000000000001dca                __fp_inf

.text.vListInitialiseItem
                0x0000000000001dd6        0x8
 .text.vListInitialiseItem
                0x0000000000001dd6        0x8 build/default/production/FREERTOSFILES/list.o
                0x0000000000001dd6                vListInitialiseItem

.text.vTaskMissedYield
                0x0000000000001dde        0x8
 .text.vTaskMissedYield
                0x0000000000001dde        0x8 build/default/production/FREERTOSFILES/tasks.o
                0x0000000000001dde                vTaskMissedYield

.text.UART_send
                0x0000000000001de6        0x8
 .text.UART_send
                0x0000000000001de6        0x8 build/default/production/drivers/mUART.o
                0x0000000000001de6                UART_send

.text.avrlibc.fplib
                0x0000000000001dee        0x8
 .text.avrlibc.fplib
                0x0000000000001dee        0x8 c:/program files/microchip/xc8/v2.32/avr/bin/../lib/gcc/avr/5.4.0/../../../../avr/lib/avr5/memx-const\libm.a(divsf3.o)
                0x0000000000001dee                __divsf3

.text.__vector_7
                0x0000000000001df6        0x6
 .text.__vector_7
                0x0000000000001df6        0x6 build/default/production/FREERTOSFILES/port.o
                0x0000000000001df6                __vector_7

.text.avrlibc.fplib
                0x0000000000001dfc        0x6
 .text.avrlibc.fplib
                0x0000000000001dfc        0x6 c:/program files/microchip/xc8/v2.32/avr/bin/../lib/gcc/avr/5.4.0/../../../../avr/lib/avr5/memx-const\libm.a(fp_nan.o)
                0x0000000000001dfc                __fp_nan

.text           0x0000000000001e02        0x4
 .text          0x0000000000001e02        0x4 C:/Program Files/Microchip/MPLABX/v5.50/packs/Microchip/ATmega_DFP/2.3.126/xc8/avr/lib/avr5/memx-const/crtatmega32a.o
                0x0000000000001e02                __vector_1
                0x0000000000001e02                __vector_12
                0x0000000000001e02                __bad_interrupt
                0x0000000000001e02                __vector_6
                0x0000000000001e02                __vector_3
                0x0000000000001e02                __vector_11
                0x0000000000001e02                __vector_13
                0x0000000000001e02                __vector_17
                0x0000000000001e02                __vector_19
                0x0000000000001e02                __vector_5
                0x0000000000001e02                __vector_4
                0x0000000000001e02                __vector_9
                0x0000000000001e02                __vector_2
                0x0000000000001e02                __vector_15
                0x0000000000001e02                __vector_8
                0x0000000000001e02                __vector_14
                0x0000000000001e02                __vector_10
                0x0000000000001e02                __vector_16
                0x0000000000001e02                __vector_18
                0x0000000000001e02                __vector_20

.data.error2    0x0000000000800672       0x14 load address 0x0000000000001e06
 .data.error2   0x0000000000800672       0x14 build/default/production/application.o
                0x0000000000800672                error2

.data.error1    0x0000000000800686       0x13 load address 0x0000000000001e1a
 .data.error1   0x0000000000800686       0x13 build/default/production/application.o
                0x0000000000800686                error1

.data.str1      0x0000000000800699        0xc load address 0x0000000000001e2d
 .data.str1     0x0000000000800699        0xc build/default/production/application.o
                0x0000000000800699                str1

.data.str2      0x00000000008006a5        0x9 load address 0x0000000000001e39
 .data.str2     0x00000000008006a5        0x9 build/default/production/application.o
                0x00000000008006a5                str2

.data.str3      0x00000000008006d2        0x4 load address 0x0000000000001e42
 .data.str3     0x00000000008006d2        0x4 build/default/production/application.o
                0x00000000008006d2                str3
